../Core/Src/main.c:97:5:main	2
../Core/Src/main.c:162:6:SystemClock_Config	3
../Core/Src/main.c:209:13:MX_USART2_UART_Init	2
../Core/Src/main.c:242:13:MX_GPIO_Init	1
../Core/Src/main.c:278:5:__io_putchar	1
../Core/Src/main.c:284:6:HPT_TASK	2
../Core/Src/main.c:319:6:MPT_TASK	2
../Core/Src/main.c:344:6:LPT_TASK	2
../Core/Src/main.c:369:6:VLPT_TASK	2
../Core/Src/main.c:393:6:HAL_UART_RxCpltCallback	3
../Core/Src/main.c:420:6:HAL_TIM_PeriodElapsedCallback	2
../Core/Src/main.c:438:6:Error_Handler	1
