../Core/Src/main.c:95:5:main	2
../Core/Src/main.c:160:6:SystemClock_Config	3
../Core/Src/main.c:207:13:MX_USART2_UART_Init	2
../Core/Src/main.c:240:13:MX_GPIO_Init	1
../Core/Src/main.c:276:5:__io_putchar	1
../Core/Src/main.c:282:6:HPT_TASK	2
../Core/Src/main.c:312:6:MPT_TASK	2
../Core/Src/main.c:337:6:LPT_TASK	2
../Core/Src/main.c:362:6:VLPT_TASK	2
../Core/Src/main.c:386:6:HAL_UART_RxCpltCallback	3
../Core/Src/main.c:413:6:HAL_TIM_PeriodElapsedCallback	2
../Core/Src/main.c:431:6:Error_Handler	1
