../Core/Src/main.c:95:5:main	16	static
../Core/Src/main.c:160:6:SystemClock_Config	88	static
../Core/Src/main.c:207:13:MX_USART2_UART_Init	8	static
../Core/Src/main.c:240:13:MX_GPIO_Init	48	static
../Core/Src/main.c:276:5:__io_putchar	16	static
../Core/Src/main.c:282:6:HPT_TASK	24	static
../Core/Src/main.c:312:6:MPT_TASK	24	static
../Core/Src/main.c:337:6:LPT_TASK	24	static
../Core/Src/main.c:362:6:VLPT_TASK	24	static
../Core/Src/main.c:386:6:HAL_UART_RxCpltCallback	24	static,ignoring_inline_asm
../Core/Src/main.c:413:6:HAL_TIM_PeriodElapsedCallback	16	static
../Core/Src/main.c:431:6:Error_Handler	4	static,ignoring_inline_asm
