Archive member included to satisfy reference by file (symbol)

C:/Program Files/STMicroelectronics/STM32Cube/STM32CubeIDE_2.0.0/STM32CubeIDE/plugins/com.st.stm32cube.ide.mcu.externaltools.gnu-tools-for-stm32.13.3.rel1.win32_1.0.100.202509120712/tools/bin/../lib/gcc/arm-none-eabi/13.3.1/../../../../arm-none-eabi/lib/thumb/v7e-m+fp/hard\libc_nano.a(libc_a-exit.o)
                              C:/Program Files/STMicroelectronics/STM32Cube/STM32CubeIDE_2.0.0/STM32CubeIDE/plugins/com.st.stm32cube.ide.mcu.externaltools.gnu-tools-for-stm32.13.3.rel1.win32_1.0.100.202509120712/tools/bin/../lib/gcc/arm-none-eabi/13.3.1/../../../../arm-none-eabi/lib/thumb/v7e-m+fp/hard/crt0.o (exit)
C:/Program Files/STMicroelectronics/STM32Cube/STM32CubeIDE_2.0.0/STM32CubeIDE/plugins/com.st.stm32cube.ide.mcu.externaltools.gnu-tools-for-stm32.13.3.rel1.win32_1.0.100.202509120712/tools/bin/../lib/gcc/arm-none-eabi/13.3.1/../../../../arm-none-eabi/lib/thumb/v7e-m+fp/hard\libc_nano.a(libc_a-findfp.o)
                              C:/Program Files/STMicroelectronics/STM32Cube/STM32CubeIDE_2.0.0/STM32CubeIDE/plugins/com.st.stm32cube.ide.mcu.externaltools.gnu-tools-for-stm32.13.3.rel1.win32_1.0.100.202509120712/tools/bin/../lib/gcc/arm-none-eabi/13.3.1/../../../../arm-none-eabi/lib/thumb/v7e-m+fp/hard\libc_nano.a(libc_a-exit.o) (__stdio_exit_handler)
C:/Program Files/STMicroelectronics/STM32Cube/STM32CubeIDE_2.0.0/STM32CubeIDE/plugins/com.st.stm32cube.ide.mcu.externaltools.gnu-tools-for-stm32.13.3.rel1.win32_1.0.100.202509120712/tools/bin/../lib/gcc/arm-none-eabi/13.3.1/../../../../arm-none-eabi/lib/thumb/v7e-m+fp/hard\libc_nano.a(libc_a-fwalk.o)
                              C:/Program Files/STMicroelectronics/STM32Cube/STM32CubeIDE_2.0.0/STM32CubeIDE/plugins/com.st.stm32cube.ide.mcu.externaltools.gnu-tools-for-stm32.13.3.rel1.win32_1.0.100.202509120712/tools/bin/../lib/gcc/arm-none-eabi/13.3.1/../../../../arm-none-eabi/lib/thumb/v7e-m+fp/hard\libc_nano.a(libc_a-findfp.o) (_fwalk_sglue)
C:/Program Files/STMicroelectronics/STM32Cube/STM32CubeIDE_2.0.0/STM32CubeIDE/plugins/com.st.stm32cube.ide.mcu.externaltools.gnu-tools-for-stm32.13.3.rel1.win32_1.0.100.202509120712/tools/bin/../lib/gcc/arm-none-eabi/13.3.1/../../../../arm-none-eabi/lib/thumb/v7e-m+fp/hard\libc_nano.a(libc_a-printf.o)
                              ./Core/Src/main.o (printf)
C:/Program Files/STMicroelectronics/STM32Cube/STM32CubeIDE_2.0.0/STM32CubeIDE/plugins/com.st.stm32cube.ide.mcu.externaltools.gnu-tools-for-stm32.13.3.rel1.win32_1.0.100.202509120712/tools/bin/../lib/gcc/arm-none-eabi/13.3.1/../../../../arm-none-eabi/lib/thumb/v7e-m+fp/hard\libc_nano.a(libc_a-puts.o)
                              ./Core/Src/main.o (puts)
C:/Program Files/STMicroelectronics/STM32Cube/STM32CubeIDE_2.0.0/STM32CubeIDE/plugins/com.st.stm32cube.ide.mcu.externaltools.gnu-tools-for-stm32.13.3.rel1.win32_1.0.100.202509120712/tools/bin/../lib/gcc/arm-none-eabi/13.3.1/../../../../arm-none-eabi/lib/thumb/v7e-m+fp/hard\libc_nano.a(libc_a-stdio.o)
                              C:/Program Files/STMicroelectronics/STM32Cube/STM32CubeIDE_2.0.0/STM32CubeIDE/plugins/com.st.stm32cube.ide.mcu.externaltools.gnu-tools-for-stm32.13.3.rel1.win32_1.0.100.202509120712/tools/bin/../lib/gcc/arm-none-eabi/13.3.1/../../../../arm-none-eabi/lib/thumb/v7e-m+fp/hard\libc_nano.a(libc_a-findfp.o) (__sread)
C:/Program Files/STMicroelectronics/STM32Cube/STM32CubeIDE_2.0.0/STM32CubeIDE/plugins/com.st.stm32cube.ide.mcu.externaltools.gnu-tools-for-stm32.13.3.rel1.win32_1.0.100.202509120712/tools/bin/../lib/gcc/arm-none-eabi/13.3.1/../../../../arm-none-eabi/lib/thumb/v7e-m+fp/hard\libc_nano.a(libc_a-wbuf.o)
                              C:/Program Files/STMicroelectronics/STM32Cube/STM32CubeIDE_2.0.0/STM32CubeIDE/plugins/com.st.stm32cube.ide.mcu.externaltools.gnu-tools-for-stm32.13.3.rel1.win32_1.0.100.202509120712/tools/bin/../lib/gcc/arm-none-eabi/13.3.1/../../../../arm-none-eabi/lib/thumb/v7e-m+fp/hard\libc_nano.a(libc_a-puts.o) (__swbuf_r)
C:/Program Files/STMicroelectronics/STM32Cube/STM32CubeIDE_2.0.0/STM32CubeIDE/plugins/com.st.stm32cube.ide.mcu.externaltools.gnu-tools-for-stm32.13.3.rel1.win32_1.0.100.202509120712/tools/bin/../lib/gcc/arm-none-eabi/13.3.1/../../../../arm-none-eabi/lib/thumb/v7e-m+fp/hard\libc_nano.a(libc_a-wsetup.o)
                              C:/Program Files/STMicroelectronics/STM32Cube/STM32CubeIDE_2.0.0/STM32CubeIDE/plugins/com.st.stm32cube.ide.mcu.externaltools.gnu-tools-for-stm32.13.3.rel1.win32_1.0.100.202509120712/tools/bin/../lib/gcc/arm-none-eabi/13.3.1/../../../../arm-none-eabi/lib/thumb/v7e-m+fp/hard\libc_nano.a(libc_a-puts.o) (__swsetup_r)
C:/Program Files/STMicroelectronics/STM32Cube/STM32CubeIDE_2.0.0/STM32CubeIDE/plugins/com.st.stm32cube.ide.mcu.externaltools.gnu-tools-for-stm32.13.3.rel1.win32_1.0.100.202509120712/tools/bin/../lib/gcc/arm-none-eabi/13.3.1/../../../../arm-none-eabi/lib/thumb/v7e-m+fp/hard\libc_nano.a(libc_a-memset.o)
[...]
Memory Configuration

Name             Origin             Length             Attributes
RAM              0x20000000         0x00020000         xrw
FLASH            0x08000000         0x00080000         xr
*default*        0x00000000         0xffffffff

Linker script and memory map

LOAD C:/Program Files/STMicroelectronics/STM32Cube/STM32CubeIDE_2.0.0/STM32CubeIDE/plugins/com.st.stm32cube.ide.mcu.externaltools.gnu-tools-for-stm32.13.3.rel1.win32_1.0.100.202509120712/tools/bin/../lib/gcc/arm-none-eabi/13.3.1/thumb/v7e-m+fp/hard/crti.o
LOAD C:/Program Files/STMicroelectronics/STM32Cube/STM32CubeIDE_2.0.0/STM32CubeIDE/plugins/com.st.stm32cube.ide.mcu.externaltools.gnu-tools-for-stm32.13.3.rel1.win32_1.0.100.202509120712/tools/bin/../lib/gcc/arm-none-eabi/13.3.1/thumb/v7e-m+fp/hard/crtbegin.o
LOAD C:/Program Files/STMicroelectronics/STM32Cube/STM32CubeIDE_2.0.0/STM32CubeIDE/plugins/com.st.stm32cube.ide.mcu.externaltools.gnu-tools-for-stm32.13.3.rel1.win32_1.0.100.202509120712/tools/bin/../lib/gcc/arm-none-eabi/13.3.1/../../../../arm-none-eabi/lib/thumb/v7e-m+fp/hard/crt0.o
LOAD ./Core/Src/main.o
LOAD ./Core/Src/stm32f4xx_hal_msp.o
LOAD ./Core/Src/stm32f4xx_hal_timebase_tim.o
LOAD ./Core/Src/stm32f4xx_it.o
LOAD ./Core/Src/syscalls.o
LOAD ./Core/Src/sysmem.o
LOAD ./Core/Src/system_stm32f4xx.o
LOAD ./Core/Startup/startup_stm32f411retx.o
LOAD ./Drivers/STM32F4xx_HAL_Driver/Src/stm32f4xx_hal.o
LOAD ./Drivers/STM32F4xx_HAL_Driver/Src/stm32f4xx_hal_cortex.o
LOAD ./Drivers/STM32F4xx_HAL_Driver/Src/stm32f4xx_hal_dma.o
LOAD ./Drivers/STM32F4xx_HAL_Driver/Src/stm32f4xx_hal_dma_ex.o
LOAD ./Drivers/STM32F4xx_HAL_Driver/Src/stm32f4xx_hal_exti.o
LOAD ./Drivers/STM32F4xx_HAL_Driver/Src/stm32f4xx_hal_flash.o
LOAD ./Drivers/STM32F4xx_HAL_Driver/Src/stm32f4xx_hal_flash_ex.o
LOAD ./Drivers/STM32F4xx_HAL_Driver/Src/stm32f4xx_hal_flash_ramfunc.o
LOAD ./Drivers/STM32F4xx_HAL_Driver/Src/stm32f4xx_hal_gpio.o
LOAD ./Drivers/STM32F4xx_HAL_Driver/Src/stm32f4xx_hal_pwr.o
LOAD ./Drivers/STM32F4xx_HAL_Driver/Src/stm32f4xx_hal_pwr_ex.o
LOAD ./Drivers/STM32F4xx_HAL_Driver/Src/stm32f4xx_hal_rcc.o
LOAD ./Drivers/STM32F4xx_HAL_Driver/Src/stm32f4xx_hal_rcc_ex.o
LOAD ./Drivers/STM32F4xx_HAL_Driver/Src/stm32f4xx_hal_tim.o
LOAD ./Drivers/STM32F4xx_HAL_Driver/Src/stm32f4xx_hal_tim_ex.o
LOAD ./Drivers/STM32F4xx_HAL_Driver/Src/stm32f4xx_hal_uart.o
LOAD ./Workspace_FreeRTOS/FreeRTOS-Kernel/croutine.o
LOAD ./Workspace_FreeRTOS/FreeRTOS-Kernel/event_groups.o
LOAD ./Workspace_FreeRTOS/FreeRTOS-Kernel/list.o
LOAD ./Workspace_FreeRTOS/FreeRTOS-Kernel/queue.o
LOAD ./Workspace_FreeRTOS/FreeRTOS-Kernel/stream_buffer.o
LOAD ./Workspace_FreeRTOS/FreeRTOS-Kernel/tasks.o
LOAD ./Workspace_FreeRTOS/FreeRTOS-Kernel/timers.o
LOAD ./Workspace_FreeRTOS/FreeRTOS-Kernel/portable/GCC/ARM_CM4F/port.o
LOAD ./Workspace_FreeRTOS/FreeRTOS-Kernel/portable/MemMang/heap_4.o
START GROUP
LOAD C:/Program Files/STMicroelectronics/STM32Cube/STM32CubeIDE_2.0.0/STM32CubeIDE/plugins/com.st.stm32cube.ide.mcu.externaltools.gnu-tools-for-stm32.13.3.rel1.win32_1.0.100.202509120712/tools/bin/../lib/gcc/arm-none-eabi/13.3.1/../../../../arm-none-eabi/lib/thumb/v7e-m+fp/hard\libc_nano.a
LOAD C:/Program Files/STMicroelectronics/STM32Cube/STM32CubeIDE_2.0.0/STM32CubeIDE/plugins/com.st.stm32cube.ide.mcu.externaltools.gnu-tools-for-stm32.13.3.rel1.win32_1.0.100.202509120712/tools/bin/../lib/gcc/arm-none-eabi/13.3.1/../../../../arm-none-eabi/lib/thumb/v7e-m+fp/hard\libm.a
END GROUP
START GROUP
LOAD C:/Program Files/STMicroelectronics/STM32Cube/STM32CubeIDE_2.0.0/STM32CubeIDE/plugins/com.st.stm32cube.ide.mcu.externaltools.gnu-tools-for-stm32.13.3.rel1.win32_1.0.100.202509120712/tools/bin/../lib/gcc/arm-none-eabi/13.3.1/thumb/v7e-m+fp/hard\libgcc.a
LOAD C:/Program Files/STMicroelectronics/STM32Cube/STM32CubeIDE_2.0.0/STM32CubeIDE/plugins/com.st.stm32cube.ide.mcu.externaltools.gnu-tools-for-stm32.13.3.rel1.win32_1.0.100.202509120712/tools/bin/../lib/gcc/arm-none-eabi/13.3.1/../../../../arm-none-eabi/lib/thumb/v7e-m+fp/hard\libc_nano.a
END GROUP
START GROUP
LOAD C:/Program Files/STMicroelectronics/STM32Cube/STM32CubeIDE_2.0.0/STM32CubeIDE/plugins/com.st.stm32cube.ide.mcu.externaltools.gnu-tools-for-stm32.13.3.rel1.win32_1.0.100.202509120712/tools/bin/../lib/gcc/arm-none-eabi/13.3.1/thumb/v7e-m+fp/hard\libgcc.a
LOAD C:/Program Files/STMicroelectronics/STM32Cube/STM32CubeIDE_2.0.0/STM32CubeIDE/plugins/com.st.stm32cube.ide.mcu.externaltools.gnu-tools-for-stm32.13.3.rel1.win32_1.0.100.202509120712/tools/bin/../lib/gcc/arm-none-eabi/13.3.1/../../../../arm-none-eabi/lib/thumb/v7e-m+fp/hard\libc_nano.a
LOAD C:/Program Files/STMicroelectronics/STM32Cube/STM32CubeIDE_2.0.0/STM32CubeIDE/plugins/com.st.stm32cube.ide.mcu.externaltools.gnu-tools-for-stm32.13.3.rel1.win32_1.0.100.202509120712/tools/bin/../lib/gcc/arm-none-eabi/13.3.1/../../../../arm-none-eabi/lib/thumb/v7e-m+fp/hard\libnosys.a
END GROUP
START GROUP
LOAD C:/Program Files/STMicroelectronics/STM32Cube/STM32CubeIDE_2.0.0/STM32CubeIDE/plugins/com.st.stm32cube.ide.mcu.externaltools.gnu-tools-for-stm32.13.3.rel1.win32_1.0.100.202509120712/tools/bin/../lib/gcc/arm-none-eabi/13.3.1/thumb/v7e-m+fp/hard\libgcc.a
LOAD C:/Program Files/STMicroelectronics/STM32Cube/STM32CubeIDE_2.0.0/STM32CubeIDE/plugins/com.st.stm32cube.ide.mcu.externaltools.gnu-tools-for-stm32.13.3.rel1.win32_1.0.100.202509120712/tools/bin/../lib/gcc/arm-none-eabi/13.3.1/../../../../arm-none-eabi/lib/thumb/v7e-m+fp/hard\libc_nano.a
LOAD C:/Program Files/STMicroelectronics/STM32Cube/STM32CubeIDE_2.0.0/STM32CubeIDE/plugins/com.st.stm32cube.ide.mcu.externaltools.gnu-tools-for-stm32.13.3.rel1.win32_1.0.100.202509120712/tools/bin/../lib/gcc/arm-none-eabi/13.3.1/../../../../arm-none-eabi/lib/thumb/v7e-m+fp/hard\libnosys.a
END GROUP
LOAD C:/Program Files/STMicroelectronics/STM32Cube/STM32CubeIDE_2.0.0/STM32CubeIDE/plugins/com.st.stm32cube.ide.mcu.externaltools.gnu-tools-for-stm32.13.3.rel1.win32_1.0.100.202509120712/tools/bin/../lib/gcc/arm-none-eabi/13.3.1/thumb/v7e-m+fp/hard/crtend.o
LOAD C:/Program Files/STMicroelectronics/STM32Cube/STM32CubeIDE_2.0.0/STM32CubeIDE/plugins/com.st.stm32cube.ide.mcu.externaltools.gnu-tools-for-stm32.13.3.rel1.win32_1.0.100.202509120712/tools/bin/../lib/gcc/arm-none-eabi/13.3.1/thumb/v7e-m+fp/hard/crtn.o
                0x20020000                        _estack = (ORIGIN (RAM) + LENGTH (RAM))
                0x00000200                        _Min_Heap_Size = 0x200
                0x00000400                        _Min_Stack_Size = 0x400

.isr_vector     0x08000000      0x198
                0x08000000                        . = ALIGN (0x4)
 *(.isr_vector)
 .isr_vector    0x08000000      0x198 ./Core/Startup/startup_stm32f411retx.o
                0x08000000                g_pfnVectors
                0x08000198                        . = ALIGN (0x4)

.text           0x080001a0     0x7514
                0x080001a0                        . = ALIGN (0x4)
 *(.text)
 .text          0x080001a0       0x40 C:/Program Files/STMicroelectronics/STM32Cube/STM32CubeIDE_2.0.0/STM32CubeIDE/plugins/com.st.stm32cube.ide.mcu.externaltools.gnu-tools-for-stm32.13.3.rel1.win32_1.0.100.202509120712/tools/bin/../lib/gcc/arm-none-eabi/13.3.1/thumb/v7e-m+fp/hard/crtbegin.o
 .text          0x080001e0       0xa0 C:/Program Files/STMicroelectronics/STM32Cube/STM32CubeIDE_2.0.0/STM32CubeIDE/plugins/com.st.stm32cube.ide.mcu.externaltools.gnu-tools-for-stm32.13.3.rel1.win32_1.0.100.202509120712/tools/bin/../lib/gcc/arm-none-eabi/13.3.1/../../../../arm-none-eabi/lib/thumb/v7e-m+fp/hard\libc_nano.a(libc_a-memchr.o)
                0x080001e0                memchr
 .text          0x08000280       0x30 C:/Program Files/STMicroelectronics/STM32Cube/STM32CubeIDE_2.0.0/STM32CubeIDE/plugins/com.st.stm32cube.ide.mcu.externaltools.gnu-tools-for-stm32.13.3.rel1.win32_1.0.100.202509120712/tools/bin/../lib/gcc/arm-none-eabi/13.3.1/thumb/v7e-m+fp/hard\libgcc.a(_aeabi_uldivmod.o)
                0x08000280                __aeabi_uldivmod
 .text          0x080002b0      0x2f8 C:/Program Files/STMicroelectronics/STM32Cube/STM32CubeIDE_2.0.0/STM32CubeIDE/plugins/com.st.stm32cube.ide.mcu.externaltools.gnu-tools-for-stm32.13.3.rel1.win32_1.0.100.202509120712/tools/bin/../lib/gcc/arm-none-eabi/13.3.1/thumb/v7e-m+fp/hard\libgcc.a(_udivmoddi4.o)
                0x080002b0                __udivmoddi4
 .text          0x080005a8        0x4 C:/Program Files/STMicroelectronics/STM32Cube/STM32CubeIDE_2.0.0/STM32CubeIDE/plugins/com.st.stm32cube.ide.mcu.externaltools.gnu-tools-for-stm32.13.3.rel1.win32_1.0.100.202509120712/tools/bin/../lib/gcc/arm-none-eabi/13.3.1/thumb/v7e-m+fp/hard\libgcc.a(_dvmd_tls.o)
                0x080005a8                __aeabi_idiv0
                0x080005a8                __aeabi_ldiv0
 *(.text*)
 .text.main     0x080005ac       0xe8 ./Core/Src/main.o
                0x080005ac                main
 .text.SystemClock_Config
                0x08000694       0xd4 ./Core/Src/main.o
                0x08000694                SystemClock_Config
 .text.MX_USART2_UART_Init
                0x08000768       0x54 ./Core/Src/main.o
 .text.MX_GPIO_Init
                0x080007bc       0xdc ./Core/Src/main.o
 .text.__io_putchar
                0x08000898       0x24 ./Core/Src/main.o
                0x08000898                __io_putchar
 .text.HPT_TASK
                0x080008bc       0xa4 ./Core/Src/main.o
                0x080008bc                HPT_TASK
 .text.MPT_TASK
                0x08000960       0x78 ./Core/Src/main.o
                0x08000960                MPT_TASK
 .text.LPT_TASK
                0x080009d8       0x78 ./Core/Src/main.o
                0x080009d8                LPT_TASK
 .text.VLPT_TASK
                0x08000a50       0x78 ./Core/Src/main.o
                0x08000a50                VLPT_TASK
 .text.HAL_UART_RxCpltCallback
                0x08000ac8       0x78 ./Core/Src/main.o
                0x08000ac8                HAL_UART_RxCpltCallback
 .text.HAL_TIM_PeriodElapsedCallback
                0x08000b40       0x24 ./Core/Src/main.o
                0x08000b40                HAL_TIM_PeriodElapsedCallback
 .text.Error_Handler
                0x08000b64        0xc ./Core/Src/main.o
                0x08000b64                Error_Handler
 .text.HAL_MspInit
                0x08000b70       0x58 ./Core/Src/stm32f4xx_hal_msp.o
                0x08000b70                HAL_MspInit
 .text.HAL_UART_MspInit
                0x08000bc8       0xa0 ./Core/Src/stm32f4xx_hal_msp.o
                0x08000bc8                HAL_UART_MspInit
 .text.HAL_InitTick
                0x08000c68       0xe8 ./Core/Src/stm32f4xx_hal_timebase_tim.o
                0x08000c68                HAL_InitTick
 .text.NMI_Handler
                0x08000d50        0x8 ./Core/Src/stm32f4xx_it.o
                0x08000d50                NMI_Handler
 .text.HardFault_Handler
                0x08000d58        0x8 ./Core/Src/stm32f4xx_it.o
                0x08000d58                HardFault_Handler
 .text.MemManage_Handler
                0x08000d60        0x8 ./Core/Src/stm32f4xx_it.o
                0x08000d60                MemManage_Handler
 .text.BusFault_Handler
                0x08000d68        0x8 ./Core/Src/stm32f4xx_it.o
                0x08000d68                BusFault_Handler
 .text.UsageFault_Handler
                0x08000d70        0x8 ./Core/Src/stm32f4xx_it.o
                0x08000d70                UsageFault_Handler
 .text.DebugMon_Handler
                0x08000d78        0xe ./Core/Src/stm32f4xx_it.o
                0x08000d78                DebugMon_Handler
 *fill*         0x08000d86        0x2 
 .text.TIM1_UP_TIM10_IRQHandler
                0x08000d88       0x14 ./Core/Src/stm32f4xx_it.o
                0x08000d88                TIM1_UP_TIM10_IRQHandler
 .text.USART2_IRQHandler
                0x08000d9c       0x14 ./Core/Src/stm32f4xx_it.o
                0x08000d9c                USART2_IRQHandler
 .text._read    0x08000db0       0x3a ./Core/Src/syscalls.o
                0x08000db0                _read
 .text._write   0x08000dea       0x38 ./Core/Src/syscalls.o
                0x08000dea                _write
 .text._close   0x08000e22       0x18 ./Core/Src/syscalls.o
                0x08000e22                _close
 .text._fstat   0x08000e3a       0x20 ./Core/Src/syscalls.o
                0x08000e3a                _fstat
 .text._isatty  0x08000e5a       0x16 ./Core/Src/syscalls.o
                0x08000e5a                _isatty
 .text._lseek   0x08000e70       0x1a ./Core/Src/syscalls.o
                0x08000e70                _lseek
 *fill*         0x08000e8a        0x2 
 .text._sbrk    0x08000e8c       0x6c ./Core/Src/sysmem.o
                0x08000e8c                _sbrk
 .text.SystemInit
                0x08000ef8       0x24 ./Core/Src/system_stm32f4xx.o
                0x08000ef8                SystemInit
 .text.Reset_Handler
                0x08000f1c       0x50 ./Core/Startup/startup_stm32f411retx.o
                0x08000f1c                Reset_Handler
 .text.Default_Handler
                0x08000f6c        0x2 ./Core/Startup/startup_stm32f411retx.o
                0x08000f6c                RTC_Alarm_IRQHandler
                0x08000f6c                EXTI2_IRQHandler
                0x08000f6c                SPI4_IRQHandler
                0x08000f6c                TIM1_CC_IRQHandler
                0x08000f6c                DMA2_Stream5_IRQHandler
                0x08000f6c                DMA1_Stream5_IRQHandler
                0x08000f6c                PVD_IRQHandler
                0x08000f6c                SDIO_IRQHandler
                0x08000f6c                TAMP_STAMP_IRQHandler
                0x08000f6c                EXTI3_IRQHandler
                0x08000f6c                I2C3_ER_IRQHandler
                0x08000f6c                EXTI0_IRQHandler
                0x08000f6c                I2C2_EV_IRQHandler
                0x08000f6c                DMA1_Stream2_IRQHandler
                0x08000f6c                FPU_IRQHandler
                0x08000f6c                DMA2_Stream2_IRQHandler
                0x08000f6c                SPI1_IRQHandler
                0x08000f6c                TIM1_BRK_TIM9_IRQHandler
                0x08000f6c                DMA2_Stream3_IRQHandler
                0x08000f6c                USART6_IRQHandler
                0x08000f6c                DMA2_Stream0_IRQHandler
                0x08000f6c                TIM4_IRQHandler
                0x08000f6c                I2C1_EV_IRQHandler
                0x08000f6c                DMA1_Stream6_IRQHandler
                0x08000f6c                DMA1_Stream1_IRQHandler
                0x08000f6c                TIM3_IRQHandler
                0x08000f6c                RCC_IRQHandler
                0x08000f6c                Default_Handler
                0x08000f6c                EXTI15_10_IRQHandler
                0x08000f6c                ADC_IRQHandler
                0x08000f6c                DMA1_Stream7_IRQHandler
                0x08000f6c                SPI5_IRQHandler
                0x08000f6c                TIM5_IRQHandler
                0x08000f6c                DMA2_Stream7_IRQHandler
                0x08000f6c                I2C3_EV_IRQHandler
                0x08000f6c                EXTI9_5_IRQHandler
                0x08000f6c                RTC_WKUP_IRQHandler
                0x08000f6c                SPI2_IRQHandler
                0x08000f6c                DMA1_Stream0_IRQHandler
                0x08000f6c                EXTI4_IRQHandler
                0x08000f6c                WWDG_IRQHandler
                0x08000f6c                TIM2_IRQHandler
                0x08000f6c                OTG_FS_WKUP_IRQHandler
                0x08000f6c                TIM1_TRG_COM_TIM11_IRQHandler
                0x08000f6c                EXTI1_IRQHandler
                0x08000f6c                I2C2_ER_IRQHandler
                0x08000f6c                DMA2_Stream1_IRQHandler
                0x08000f6c                FLASH_IRQHandler
                0x08000f6c                DMA2_Stream4_IRQHandler
                0x08000f6c                USART1_IRQHandler
                0x08000f6c                OTG_FS_IRQHandler
                0x08000f6c                SPI3_IRQHandler
                0x08000f6c                DMA1_Stream4_IRQHandler
                0x08000f6c                I2C1_ER_IRQHandler
                0x08000f6c                DMA2_Stream6_IRQHandler
                0x08000f6c                DMA1_Stream3_IRQHandler
 *fill*         0x08000f6e        0x2 
 .text.HAL_Init
                0x08000f70       0x44 ./Drivers/STM32F4xx_HAL_Driver/Src/stm32f4xx_hal.o
                0x08000f70                HAL_Init
 .text.HAL_IncTick
                0x08000fb4       0x28 ./Drivers/STM32F4xx_HAL_Driver/Src/stm32f4xx_hal.o
                0x08000fb4                HAL_IncTick
 .text.HAL_GetTick
                0x08000fdc       0x18 ./Drivers/STM32F4xx_HAL_Driver/Src/stm32f4xx_hal.o
                0x08000fdc                HAL_GetTick
 .text.__NVIC_SetPriorityGrouping
                0x08000ff4       0x48 ./Drivers/STM32F4xx_HAL_Driver/Src/stm32f4xx_hal_cortex.o
 .text.__NVIC_GetPriorityGrouping
                0x0800103c       0x1c ./Drivers/STM32F4xx_HAL_Driver/Src/stm32f4xx_hal_cortex.o
 .text.__NVIC_EnableIRQ
                0x08001058       0x3c ./Drivers/STM32F4xx_HAL_Driver/Src/stm32f4xx_hal_cortex.o
 .text.__NVIC_SetPriority
                0x08001094       0x54 ./Drivers/STM32F4xx_HAL_Driver/Src/stm32f4xx_hal_cortex.o
 .text.NVIC_EncodePriority
                0x080010e8       0x66 ./Drivers/STM32F4xx_HAL_Driver/Src/stm32f4xx_hal_cortex.o
 .text.HAL_NVIC_SetPriorityGrouping
                0x0800114e       0x16 ./Drivers/STM32F4xx_HAL_Driver/Src/stm32f4xx_hal_cortex.o
                0x0800114e                HAL_NVIC_SetPriorityGrouping
 .text.HAL_NVIC_SetPriority
                0x08001164       0x38 ./Drivers/STM32F4xx_HAL_Driver/Src/stm32f4xx_hal_cortex.o
                0x08001164                HAL_NVIC_SetPriority
 .text.HAL_NVIC_EnableIRQ
                0x0800119c       0x1c ./Drivers/STM32F4xx_HAL_Driver/Src/stm32f4xx_hal_cortex.o
                0x0800119c                HAL_NVIC_EnableIRQ
 .text.HAL_DMA_Abort
                0x080011b8       0xe0 ./Drivers/STM32F4xx_HAL_Driver/Src/stm32f4xx_hal_dma.o
                0x080011b8                HAL_DMA_Abort
 .text.HAL_DMA_Abort_IT
                0x08001298       0x44 ./Drivers/STM32F4xx_HAL_Driver/Src/stm32f4xx_hal_dma.o
                0x08001298                HAL_DMA_Abort_IT
 .text.HAL_GPIO_Init
                0x080012dc      0x308 ./Drivers/STM32F4xx_HAL_Driver/Src/stm32f4xx_hal_gpio.o
                0x080012dc                HAL_GPIO_Init
 .text.HAL_GPIO_WritePin
                0x080015e4       0x32 ./Drivers/STM32F4xx_HAL_Driver/Src/stm32f4xx_hal_gpio.o
                0x080015e4                HAL_GPIO_WritePin
 *fill*         0x08001616        0x2 
 .text.HAL_RCC_OscConfig
                0x08001618      0x4f0 ./Drivers/STM32F4xx_HAL_Driver/Src/stm32f4xx_hal_rcc.o
                0x08001618                HAL_RCC_OscConfig
 .text.HAL_RCC_ClockConfig
                0x08001b08      0x1cc ./Drivers/STM32F4xx_HAL_Driver/Src/stm32f4xx_hal_rcc.o
                0x08001b08                HAL_RCC_ClockConfig
 .text.HAL_RCC_GetSysClockFreq
                0x08001cd4      0x20c ./Drivers/STM32F4xx_HAL_Driver/Src/stm32f4xx_hal_rcc.o
                0x08001cd4                HAL_RCC_GetSysClockFreq
 .text.HAL_RCC_GetHCLKFreq
                0x08001ee0       0x18 ./Drivers/STM32F4xx_HAL_Driver/Src/stm32f4xx_hal_rcc.o
                0x08001ee0                HAL_RCC_GetHCLKFreq
 .text.HAL_RCC_GetPCLK1Freq
                0x08001ef8       0x28 ./Drivers/STM32F4xx_HAL_Driver/Src/stm32f4xx_hal_rcc.o
                0x08001ef8                HAL_RCC_GetPCLK1Freq
 .text.HAL_RCC_GetPCLK2Freq
                0x08001f20       0x28 ./Drivers/STM32F4xx_HAL_Driver/Src/stm32f4xx_hal_rcc.o
                0x08001f20                HAL_RCC_GetPCLK2Freq
 .text.HAL_RCC_GetClockConfig
                0x08001f48       0x64 ./Drivers/STM32F4xx_HAL_Driver/Src/stm32f4xx_hal_rcc.o
                0x08001f48                HAL_RCC_GetClockConfig
 .text.HAL_TIM_Base_Init
                0x08001fac       0x9e ./Drivers/STM32F4xx_HAL_Driver/Src/stm32f4xx_hal_tim.o
                0x08001fac                HAL_TIM_Base_Init
 .text.HAL_TIM_Base_MspInit
                0x0800204a       0x14 ./Drivers/STM32F4xx_HAL_Driver/Src/stm32f4xx_hal_tim.o
                0x0800204a                HAL_TIM_Base_MspInit
 *fill*         0x0800205e        0x2 
 .text.HAL_TIM_Base_Start_IT
                0x08002060       0xc4 ./Drivers/STM32F4xx_HAL_Driver/Src/stm32f4xx_hal_tim.o
                0x08002060                HAL_TIM_Base_Start_IT
 .text.HAL_TIM_IRQHandler
                0x08002124      0x1e0 ./Drivers/STM32F4xx_HAL_Driver/Src/stm32f4xx_hal_tim.o
                0x08002124                HAL_TIM_IRQHandler
 .text.HAL_TIM_OC_DelayElapsedCallback
                0x08002304       0x14 ./Drivers/STM32F4xx_HAL_Driver/Src/stm32f4xx_hal_tim.o
                0x08002304                HAL_TIM_OC_DelayElapsedCallback
 .text.HAL_TIM_IC_CaptureCallback
                0x08002318       0x14 ./Drivers/STM32F4xx_HAL_Driver/Src/stm32f4xx_hal_tim.o
                0x08002318                HAL_TIM_IC_CaptureCallback
 .text.HAL_TIM_PWM_PulseFinishedCallback
                0x0800232c       0x14 ./Drivers/STM32F4xx_HAL_Driver/Src/stm32f4xx_hal_tim.o
                0x0800232c                HAL_TIM_PWM_PulseFinishedCallback
 .text.HAL_TIM_TriggerCallback
                0x08002340       0x14 ./Drivers/STM32F4xx_HAL_Driver/Src/stm32f4xx_hal_tim.o
                0x08002340                HAL_TIM_TriggerCallback
 .text.TIM_Base_SetConfig
                0x08002354      0x10c ./Drivers/STM32F4xx_HAL_Driver/Src/stm32f4xx_hal_tim.o
                0x08002354                TIM_Base_SetConfig
 .text.HAL_TIMEx_CommutCallback
                0x08002460       0x14 ./Drivers/STM32F4xx_HAL_Driver/Src/stm32f4xx_hal_tim_ex.o
                0x08002460                HAL_TIMEx_CommutCallback
 .text.HAL_TIMEx_BreakCallback
                0x08002474       0x14 ./Drivers/STM32F4xx_HAL_Driver/Src/stm32f4xx_hal_tim_ex.o
                0x08002474                HAL_TIMEx_BreakCallback
 .text.HAL_UART_Init
                0x08002488       0xa0 ./Drivers/STM32F4xx_HAL_Driver/Src/stm32f4xx_hal_uart.o
                0x08002488                HAL_UART_Init
 .text.HAL_UART_Transmit
                0x08002528      0x116 ./Drivers/STM32F4xx_HAL_Driver/Src/stm32f4xx_hal_uart.o
                0x08002528                HAL_UART_Transmit
 .text.HAL_UART_Receive_IT
                0x0800263e       0x4a ./Drivers/STM32F4xx_HAL_Driver/Src/stm32f4xx_hal_uart.o
                0x0800263e                HAL_UART_Receive_IT
 .text.HAL_UART_IRQHandler
                0x08002688      0x554 ./Drivers/STM32F4xx_HAL_Driver/Src/stm32f4xx_hal_uart.o
                0x08002688                HAL_UART_IRQHandler
 .text.HAL_UART_TxCpltCallback
                0x08002bdc       0x14 ./Drivers/STM32F4xx_HAL_Driver/Src/stm32f4xx_hal_uart.o
                0x08002bdc                HAL_UART_TxCpltCallback
 .text.HAL_UART_ErrorCallback
                0x08002bf0       0x14 ./Drivers/STM32F4xx_HAL_Driver/Src/stm32f4xx_hal_uart.o
                0x08002bf0                HAL_UART_ErrorCallback
 .text.HAL_UARTEx_RxEventCallback
                0x08002c04       0x18 ./Drivers/STM32F4xx_HAL_Driver/Src/stm32f4xx_hal_uart.o
                0x08002c04                HAL_UARTEx_RxEventCallback
 .text.UART_WaitOnFlagUntilTimeout
                0x08002c1c       0xb2 ./Drivers/STM32F4xx_HAL_Driver/Src/stm32f4xx_hal_uart.o
 .text.UART_Start_Receive_IT
                0x08002cce       0x74 ./Drivers/STM32F4xx_HAL_Driver/Src/stm32f4xx_hal_uart.o
                0x08002cce                UART_Start_Receive_IT
 .text.UART_EndRxTransfer
                0x08002d42       0xc6 ./Drivers/STM32F4xx_HAL_Driver/Src/stm32f4xx_hal_uart.o
 .text.UART_DMAAbortOnError
                0x08002e08       0x22 ./Drivers/STM32F4xx_HAL_Driver/Src/stm32f4xx_hal_uart.o
 .text.UART_Transmit_IT
                0x08002e2a       0xa0 ./Drivers/STM32F4xx_HAL_Driver/Src/stm32f4xx_hal_uart.o
 .text.UART_EndTransmit_IT
                0x08002eca       0x30 ./Drivers/STM32F4xx_HAL_Driver/Src/stm32f4xx_hal_uart.o
 .text.UART_Receive_IT
                0x08002efa      0x17c ./Drivers/STM32F4xx_HAL_Driver/Src/stm32f4xx_hal_uart.o
 *fill*         0x08003076        0x2 
 .text.UART_SetConfig
                0x08003078      0x4e8 ./Drivers/STM32F4xx_HAL_Driver/Src/stm32f4xx_hal_uart.o
 .text.vListInitialise
                0x08003560       0x40 ./Workspace_FreeRTOS/FreeRTOS-Kernel/list.o
                0x08003560                vListInitialise
 .text.vListInitialiseItem
                0x080035a0       0x1a ./Workspace_FreeRTOS/FreeRTOS-Kernel/list.o
                0x080035a0                vListInitialiseItem
 .text.vListInsert
                0x080035ba       0x72 ./Workspace_FreeRTOS/FreeRTOS-Kernel/list.o
                0x080035ba                vListInsert
 .text.uxListRemove
                0x0800362c       0x54 ./Workspace_FreeRTOS/FreeRTOS-Kernel/list.o
                0x0800362c                uxListRemove
 .text.xQueueGenericReset
                0x08003680      0x124 ./Workspace_FreeRTOS/FreeRTOS-Kernel/queue.o
                0x08003680                xQueueGenericReset
 .text.xQueueGenericCreate
                0x080037a4       0x9e ./Workspace_FreeRTOS/FreeRTOS-Kernel/queue.o
                0x080037a4                xQueueGenericCreate
 .text.prvInitialiseNewQueue
                0x08003842       0x46 ./Workspace_FreeRTOS/FreeRTOS-Kernel/queue.o
 .text.xQueueCreateCountingSemaphore
                0x08003888       0x5e ./Workspace_FreeRTOS/FreeRTOS-Kernel/queue.o
                0x08003888                xQueueCreateCountingSemaphore
 *fill*         0x080038e6        0x2 
 .text.xQueueGenericSend
                0x080038e8      0x204 ./Workspace_FreeRTOS/FreeRTOS-Kernel/queue.o
                0x080038e8                xQueueGenericSend
 .text.xQueueGiveFromISR
                0x08003aec      0x150 ./Workspace_FreeRTOS/FreeRTOS-Kernel/queue.o
                0x08003aec                xQueueGiveFromISR
 .text.xQueueReceive
                0x08003c3c      0x1c4 ./Workspace_FreeRTOS/FreeRTOS-Kernel/queue.o
                0x08003c3c                xQueueReceive
 .text.xQueueSemaphoreTake
                0x08003e00      0x200 ./Workspace_FreeRTOS/FreeRTOS-Kernel/queue.o
                0x08003e00                xQueueSemaphoreTake
 .text.uxQueueMessagesWaiting
                0x08004000       0x3e ./Workspace_FreeRTOS/FreeRTOS-Kernel/queue.o
                0x08004000                uxQueueMessagesWaiting
 .text.prvGetDisinheritPriorityAfterTimeout
                0x0800403e       0x30 ./Workspace_FreeRTOS/FreeRTOS-Kernel/queue.o
 .text.prvCopyDataToQueue
                0x0800406e       0xd4 ./Workspace_FreeRTOS/FreeRTOS-Kernel/queue.o
 .text.prvCopyDataFromQueue
                0x08004142       0x4c ./Workspace_FreeRTOS/FreeRTOS-Kernel/queue.o
 .text.prvUnlockQueue
                0x0800418e       0xa4 ./Workspace_FreeRTOS/FreeRTOS-Kernel/queue.o
 .text.prvIsQueueEmpty
                0x08004232       0x2c ./Workspace_FreeRTOS/FreeRTOS-Kernel/queue.o
 .text.prvIsQueueFull
                0x0800425e       0x30 ./Workspace_FreeRTOS/FreeRTOS-Kernel/queue.o
 *fill*         0x0800428e        0x2 
 .text.vQueueAddToRegistry
                0x08004290       0xa0 ./Workspace_FreeRTOS/FreeRTOS-Kernel/queue.o
                0x08004290                vQueueAddToRegistry
 .text.vQueueWaitForMessageRestricted
                0x08004330       0x68 ./Workspace_FreeRTOS/FreeRTOS-Kernel/queue.o
                0x08004330                vQueueWaitForMessageRestricted
 .text.prvCreateTask
                0x08004398       0x78 ./Workspace_FreeRTOS/FreeRTOS-Kernel/tasks.o
 .text.xTaskCreate
                0x08004410       0x46 ./Workspace_FreeRTOS/FreeRTOS-Kernel/tasks.o
                0x08004410                xTaskCreate
 .text.prvInitialiseNewTask
                0x08004456      0x120 ./Workspace_FreeRTOS/FreeRTOS-Kernel/tasks.o
 *fill*         0x08004576        0x2 
 .text.prvAddNewTaskToReadyList
                0x08004578      0x130 ./Workspace_FreeRTOS/FreeRTOS-Kernel/tasks.o
 .text.vTaskDelay
                0x080046a8       0x6c ./Workspace_FreeRTOS/FreeRTOS-Kernel/tasks.o
                0x080046a8                vTaskDelay
 .text.prvCreateIdleTasks
                0x08004714       0x94 ./Workspace_FreeRTOS/FreeRTOS-Kernel/tasks.o
 .text.vTaskStartScheduler
                0x080047a8       0x88 ./Workspace_FreeRTOS/FreeRTOS-Kernel/tasks.o
                0x080047a8                vTaskStartScheduler
 .text.vTaskSuspendAll
                0x08004830       0x1c ./Workspace_FreeRTOS/FreeRTOS-Kernel/tasks.o
                0x08004830                vTaskSuspendAll
 .text.xTaskResumeAll
                0x0800484c      0x210 ./Workspace_FreeRTOS/FreeRTOS-Kernel/tasks.o
                0x0800484c                xTaskResumeAll
 .text.xTaskGetTickCount
                0x08004a5c       0x20 ./Workspace_FreeRTOS/FreeRTOS-Kernel/tasks.o
                0x08004a5c                xTaskGetTickCount
 .text.uxTaskGetNumberOfTasks
                0x08004a7c       0x18 ./Workspace_FreeRTOS/FreeRTOS-Kernel/tasks.o
                0x08004a7c                uxTaskGetNumberOfTasks
 .text.xTaskIncrementTick
                0x08004a94      0x234 ./Workspace_FreeRTOS/FreeRTOS-Kernel/tasks.o
                0x08004a94                xTaskIncrementTick
 .text.vTaskSwitchContext
                0x08004cc8       0xbc ./Workspace_FreeRTOS/FreeRTOS-Kernel/tasks.o
                0x08004cc8                vTaskSwitchContext
 .text.vTaskPlaceOnEventList
                0x08004d84       0x4c ./Workspace_FreeRTOS/FreeRTOS-Kernel/tasks.o
                0x08004d84                vTaskPlaceOnEventList
 .text.vTaskPlaceOnEventListRestricted
                0x08004dd0       0x8c ./Workspace_FreeRTOS/FreeRTOS-Kernel/tasks.o
                0x08004dd0                vTaskPlaceOnEventListRestricted
 .text.xTaskRemoveFromEventList
                0x08004e5c      0x1b4 ./Workspace_FreeRTOS/FreeRTOS-Kernel/tasks.o
                0x08004e5c                xTaskRemoveFromEventList
 .text.vTaskInternalSetTimeOutState
                0x08005010       0x2c ./Workspace_FreeRTOS/FreeRTOS-Kernel/tasks.o
                0x08005010                vTaskInternalSetTimeOutState
 .text.xTaskCheckForTimeOut
                0x0800503c       0xd0 ./Workspace_FreeRTOS/FreeRTOS-Kernel/tasks.o
                0x0800503c                xTaskCheckForTimeOut
 .text.vTaskMissedYield
                0x0800510c       0x18 ./Workspace_FreeRTOS/FreeRTOS-Kernel/tasks.o
                0x0800510c                vTaskMissedYield
 .text.prvIdleTask
                0x08005124       0x30 ./Workspace_FreeRTOS/FreeRTOS-Kernel/tasks.o
 .text.prvInitialiseTaskLists
                0x08005154       0x80 ./Workspace_FreeRTOS/FreeRTOS-Kernel/tasks.o
 .text.prvCheckTasksWaitingTermination
                0x080051d4       0x5c ./Workspace_FreeRTOS/FreeRTOS-Kernel/tasks.o
 .text.prvDeleteTCB
                0x08005230       0x20 ./Workspace_FreeRTOS/FreeRTOS-Kernel/tasks.o
 .text.prvResetNextTaskUnblockTime
                0x08005250       0x38 ./Workspace_FreeRTOS/FreeRTOS-Kernel/tasks.o
 .text.xTaskGetSchedulerState
                0x08005288       0x3c ./Workspace_FreeRTOS/FreeRTOS-Kernel/tasks.o
                0x08005288                xTaskGetSchedulerState
 .text.xTaskPriorityInherit
                0x080052c4      0x140 ./Workspace_FreeRTOS/FreeRTOS-Kernel/tasks.o
                0x080052c4                xTaskPriorityInherit
 .text.xTaskPriorityDisinherit
                0x08005404      0x150 ./Workspace_FreeRTOS/FreeRTOS-Kernel/tasks.o
                0x08005404                xTaskPriorityDisinherit
 .text.vTaskPriorityDisinheritAfterTimeout
                0x08005554      0x178 ./Workspace_FreeRTOS/FreeRTOS-Kernel/tasks.o
                0x08005554                vTaskPriorityDisinheritAfterTimeout
 .text.pvTaskIncrementMutexHeldCount
                0x080056cc       0x30 ./Workspace_FreeRTOS/FreeRTOS-Kernel/tasks.o
                0x080056cc                pvTaskIncrementMutexHeldCount
 .text.prvAddCurrentTaskToDelayedList
                0x080056fc      0x104 ./Workspace_FreeRTOS/FreeRTOS-Kernel/tasks.o
 .text.xTimerCreateTimerTask
                0x08005800       0x68 ./Workspace_FreeRTOS/FreeRTOS-Kernel/timers.o
                0x08005800                xTimerCreateTimerTask
 .text.prvReloadTimer
                0x08005868       0x42 ./Workspace_FreeRTOS/FreeRTOS-Kernel/timers.o
 *fill*         0x080058aa        0x2 
 .text.prvProcessExpiredTimer
                0x080058ac       0x60 ./Workspace_FreeRTOS/FreeRTOS-Kernel/timers.o
 .text.prvTimerTask
                0x0800590c       0x26 ./Workspace_FreeRTOS/FreeRTOS-Kernel/timers.o
 *fill*         0x08005932        0x2 
 .text.prvProcessTimerOrBlockTask
                0x08005934       0x9c ./Workspace_FreeRTOS/FreeRTOS-Kernel/timers.o
 .text.prvGetNextExpireTime
                0x080059d0       0x48 ./Workspace_FreeRTOS/FreeRTOS-Kernel/timers.o
 .text.prvSampleTimeNow
                0x08005a18       0x40 ./Workspace_FreeRTOS/FreeRTOS-Kernel/timers.o
 .text.prvInsertTimerInActiveList
                0x08005a58       0x84 ./Workspace_FreeRTOS/FreeRTOS-Kernel/timers.o
 .text.prvProcessReceivedCommands
                0x08005adc      0x190 ./Workspace_FreeRTOS/FreeRTOS-Kernel/timers.o
 .text.prvSwitchTimerLists
                0x08005c6c       0x4c ./Workspace_FreeRTOS/FreeRTOS-Kernel/timers.o
 .text.prvCheckForValidListAndQueue
                0x08005cb8       0x6c ./Workspace_FreeRTOS/FreeRTOS-Kernel/timers.o
 .text.pxPortInitialiseStack
                0x08005d24       0x68 ./Workspace_FreeRTOS/FreeRTOS-Kernel/portable/GCC/ARM_CM4F/port.o
                0x08005d24                pxPortInitialiseStack
 .text.prvTaskExitError
                0x08005d8c       0x5c ./Workspace_FreeRTOS/FreeRTOS-Kernel/portable/GCC/ARM_CM4F/port.o
 *fill*         0x08005de8        0x8 
 .text.SVC_Handler
                0x08005df0       0x28 ./Workspace_FreeRTOS/FreeRTOS-Kernel/portable/GCC/ARM_CM4F/port.o
                0x08005df0                SVC_Handler
 .text.prvPortStartFirstTask
                0x08005e18       0x2c ./Workspace_FreeRTOS/FreeRTOS-Kernel/portable/GCC/ARM_CM4F/port.o
 .text.xPortStartScheduler
                0x08005e44      0x1e0 ./Workspace_FreeRTOS/FreeRTOS-Kernel/portable/GCC/ARM_CM4F/port.o
                0x08005e44                xPortStartScheduler
 .text.vPortEnterCritical
                0x08006024       0x64 ./Workspace_FreeRTOS/FreeRTOS-Kernel/portable/GCC/ARM_CM4F/port.o
                0x08006024                vPortEnterCritical
 .text.vPortExitCritical
                0x08006088       0x54 ./Workspace_FreeRTOS/FreeRTOS-Kernel/portable/GCC/ARM_CM4F/port.o
                0x08006088                vPortExitCritical
 *fill*         0x080060dc        0x4 
 .text.PendSV_Handler
                0x080060e0       0x68 ./Workspace_FreeRTOS/FreeRTOS-Kernel/portable/GCC/ARM_CM4F/port.o
                0x080060e0                PendSV_Handler
 .text.SysTick_Handler
                0x08006148       0x44 ./Workspace_FreeRTOS/FreeRTOS-Kernel/portable/GCC/ARM_CM4F/port.o
                0x08006148                SysTick_Handler
 .text.vPortSetupTimerInterrupt
                0x0800618c       0x48 ./Workspace_FreeRTOS/FreeRTOS-Kernel/portable/GCC/ARM_CM4F/port.o
                0x0800618c                vPortSetupTimerInterrupt
 .text.vPortEnableVFP
                0x080061d4       0x18 ./Workspace_FreeRTOS/FreeRTOS-Kernel/portable/GCC/ARM_CM4F/port.o
 .text.vPortValidateInterruptPriority
                0x080061ec       0x84 ./Workspace_FreeRTOS/FreeRTOS-Kernel/portable/GCC/ARM_CM4F/port.o
                0x080061ec                vPortValidateInterruptPriority
 .text.pvPortMalloc
                0x08006270      0x264 ./Workspace_FreeRTOS/FreeRTOS-Kernel/portable/MemMang/heap_4.o
                0x08006270                pvPortMalloc
 .text.vPortFree
                0x080064d4       0xec ./Workspace_FreeRTOS/FreeRTOS-Kernel/portable/MemMang/heap_4.o
                0x080064d4                vPortFree
 .text.prvHeapInit
                0x080065c0       0xb4 ./Workspace_FreeRTOS/FreeRTOS-Kernel/portable/MemMang/heap_4.o
 .text.prvInsertBlockIntoFreeList
                0x08006674       0xf4 ./Workspace_FreeRTOS/FreeRTOS-Kernel/portable/MemMang/heap_4.o
 .text.std      0x08006768       0x6c C:/Program Files/STMicroelectronics/STM32Cube/STM32CubeIDE_2.0.0/STM32CubeIDE/plugins/com.st.stm32cube.ide.mcu.externaltools.gnu-tools-for-stm32.13.3.rel1.win32_1.0.100.202509120712/tools/bin/../lib/gcc/arm-none-eabi/13.3.1/../../../../arm-none-eabi/lib/thumb/v7e-m+fp/hard\libc_nano.a(libc_a-findfp.o)
 .text.stdio_exit_handler
                0x080067d4       0x18 C:/Program Files/STMicroelectronics/STM32Cube/STM32CubeIDE_2.0.0/STM32CubeIDE/plugins/com.st.stm32cube.ide.mcu.externaltools.gnu-tools-for-stm32.13.3.rel1.win32_1.0.100.202509120712/tools/bin/../lib/gcc/arm-none-eabi/13.3.1/../../../../arm-none-eabi/lib/thumb/v7e-m+fp/hard\libc_nano.a(libc_a-findfp.o)
 .text.cleanup_stdio
                0x080067ec       0x40 C:/Program Files/STMicroelectronics/STM32Cube/STM32CubeIDE_2.0.0/STM32CubeIDE/plugins/com.st.stm32cube.ide.mcu.externaltools.gnu-tools-for-stm32.13.3.rel1.win32_1.0.100.202509120712/tools/bin/../lib/gcc/arm-none-eabi/13.3.1/../../../../arm-none-eabi/lib/thumb/v7e-m+fp/hard\libc_nano.a(libc_a-findfp.o)
 .text.global_stdio_init.part.0
                0x0800682c       0x3c C:/Program Files/STMicroelectronics/STM32Cube/STM32CubeIDE_2.0.0/STM32CubeIDE/plugins/com.st.stm32cube.ide.mcu.externaltools.gnu-tools-for-stm32.13.3.rel1.win32_1.0.100.202509120712/tools/bin/../lib/gcc/arm-none-eabi/13.3.1/../../../../arm-none-eabi/lib/thumb/v7e-m+fp/hard\libc_nano.a(libc_a-findfp.o)
 .text.__sfp_lock_acquire
                0x08006868        0xc C:/Program Files/STMicroelectronics/STM32Cube/STM32CubeIDE_2.0.0/STM32CubeIDE/plugins/com.st.stm32cube.ide.mcu.externaltools.gnu-tools-for-stm32.13.3.rel1.win32_1.0.100.202509120712/tools/bin/../lib/gcc/arm-none-eabi/13.3.1/../../../../arm-none-eabi/lib/thumb/v7e-m+fp/hard\libc_nano.a(libc_a-findfp.o)
                0x08006868                __sfp_lock_acquire
 .text.__sfp_lock_release
                0x08006874        0xc C:/Program Files/STMicroelectronics/STM32Cube/STM32CubeIDE_2.0.0/STM32CubeIDE/plugins/com.st.stm32cube.ide.mcu.externaltools.gnu-tools-for-stm32.13.3.rel1.win32_1.0.100.202509120712/tools/bin/../lib/gcc/arm-none-eabi/13.3.1/../../../../arm-none-eabi/lib/thumb/v7e-m+fp/hard\libc_nano.a(libc_a-findfp.o)
                0x08006874                __sfp_lock_release
 .text.__sinit  0x08006880       0x30 C:/Program Files/STMicroelectronics/STM32Cube/STM32CubeIDE_2.0.0/STM32CubeIDE/plugins/com.st.stm32cube.ide.mcu.externaltools.gnu-tools-for-stm32.13.3.rel1.win32_1.0.100.202509120712/tools/bin/../lib/gcc/arm-none-eabi/13.3.1/../../../../arm-none-eabi/lib/thumb/v7e-m+fp/hard\libc_nano.a(libc_a-findfp.o)
                0x08006880                __sinit
 .text._fwalk_sglue
                0x080068b0       0x3c C:/Program Files/STMicroelectronics/STM32Cube/STM32CubeIDE_2.0.0/STM32CubeIDE/plugins/com.st.stm32cube.ide.mcu.externaltools.gnu-tools-for-stm32.13.3.rel1.win32_1.0.100.202509120712/tools/bin/../lib/gcc/arm-none-eabi/13.3.1/../../../../arm-none-eabi/lib/thumb/v7e-m+fp/hard\libc_nano.a(libc_a-fwalk.o)
                0x080068b0                _fwalk_sglue
 .text.printf   0x080068ec       0x24 C:/Program Files/STMicroelectronics/STM32Cube/STM32CubeIDE_2.0.0/STM32CubeIDE/plugins/com.st.stm32cube.ide.mcu.externaltools.gnu-tools-for-stm32.13.3.rel1.win32_1.0.100.202509120712/tools/bin/../lib/gcc/arm-none-eabi/13.3.1/../../../../arm-none-eabi/lib/thumb/v7e-m+fp/hard\libc_nano.a(libc_a-printf.o)
                0x080068ec                iprintf
                0x080068ec                printf
 .text._puts_r  0x08006910       0xaa C:/Program Files/STMicroelectronics/STM32Cube/STM32CubeIDE_2.0.0/STM32CubeIDE/plugins/com.st.stm32cube.ide.mcu.externaltools.gnu-tools-for-stm32.13.3.rel1.win32_1.0.100.202509120712/tools/bin/../lib/gcc/arm-none-eabi/13.3.1/../../../../arm-none-eabi/lib/thumb/v7e-m+fp/hard\libc_nano.a(libc_a-puts.o)
                0x08006910                _puts_r
 *fill*         0x080069ba        0x2 
 .text.puts     0x080069bc       0x10 C:/Program Files/STMicroelectronics/STM32Cube/STM32CubeIDE_2.0.0/STM32CubeIDE/plugins/com.st.stm32cube.ide.mcu.externaltools.gnu-tools-for-stm32.13.3.rel1.win32_1.0.100.202509120712/tools/bin/../lib/gcc/arm-none-eabi/13.3.1/../../../../arm-none-eabi/lib/thumb/v7e-m+fp/hard\libc_nano.a(libc_a-puts.o)
                0x080069bc                puts
 .text.__sread  0x080069cc       0x22 C:/Program Files/STMicroelectronics/STM32Cube/STM32CubeIDE_2.0.0/STM32CubeIDE/plugins/com.st.stm32cube.ide.mcu.externaltools.gnu-tools-for-stm32.13.3.rel1.win32_1.0.100.202509120712/tools/bin/../lib/gcc/arm-none-eabi/13.3.1/../../../../arm-none-eabi/lib/thumb/v7e-m+fp/hard\libc_nano.a(libc_a-stdio.o)
                0x080069cc                __sread
 .text.__swrite
                0x080069ee       0x38 C:/Program Files/STMicroelectronics/STM32Cube/STM32CubeIDE_2.0.0/STM32CubeIDE/plugins/com.st.stm32cube.ide.mcu.externaltools.gnu-tools-for-stm32.13.3.rel1.win32_1.0.100.202509120712/tools/bin/../lib/gcc/arm-none-eabi/13.3.1/../../../../arm-none-eabi/lib/thumb/v7e-m+fp/hard\libc_nano.a(libc_a-stdio.o)
                0x080069ee                __swrite
 .text.__sseek  0x08006a26       0x24 C:/Program Files/STMicroelectronics/STM32Cube/STM32CubeIDE_2.0.0/STM32CubeIDE/plugins/com.st.stm32cube.ide.mcu.externaltools.gnu-tools-for-stm32.13.3.rel1.win32_1.0.100.202509120712/tools/bin/../lib/gcc/arm-none-eabi/13.3.1/../../../../arm-none-eabi/lib/thumb/v7e-m+fp/hard\libc_nano.a(libc_a-stdio.o)
                0x08006a26                __sseek
 .text.__sclose
                0x08006a4a        0x8 C:/Program Files/STMicroelectronics/STM32Cube/STM32CubeIDE_2.0.0/STM32CubeIDE/plugins/com.st.stm32cube.ide.mcu.externaltools.gnu-tools-for-stm32.13.3.rel1.win32_1.0.100.202509120712/tools/bin/../lib/gcc/arm-none-eabi/13.3.1/../../../../arm-none-eabi/lib/thumb/v7e-m+fp/hard\libc_nano.a(libc_a-stdio.o)
                0x08006a4a                __sclose
 .text.__swbuf_r
                0x08006a52       0x7c C:/Program Files/STMicroelectronics/STM32Cube/STM32CubeIDE_2.0.0/STM32CubeIDE/plugins/com.st.stm32cube.ide.mcu.externaltools.gnu-tools-for-stm32.13.3.rel1.win32_1.0.100.202509120712/tools/bin/../lib/gcc/arm-none-eabi/13.3.1/../../../../arm-none-eabi/lib/thumb/v7e-m+fp/hard\libc_nano.a(libc_a-wbuf.o)
                0x08006a52                __swbuf_r
 *fill*         0x08006ace        0x2 
 .text.__swsetup_r
                0x08006ad0       0xac C:/Program Files/STMicroelectronics/STM32Cube/STM32CubeIDE_2.0.0/STM32CubeIDE/plugins/com.st.stm32cube.ide.mcu.externaltools.gnu-tools-for-stm32.13.3.rel1.win32_1.0.100.202509120712/tools/bin/../lib/gcc/arm-none-eabi/13.3.1/../../../../arm-none-eabi/lib/thumb/v7e-m+fp/hard\libc_nano.a(libc_a-wsetup.o)
                0x08006ad0                __swsetup_r
 .text.memset   0x08006b7c       0x10 C:/Program Files/STMicroelectronics/STM32Cube/STM32CubeIDE_2.0.0/STM32CubeIDE/plugins/com.st.stm32cube.ide.mcu.externaltools.gnu-tools-for-stm32.13.3.rel1.win32_1.0.100.202509120712/tools/bin/../lib/gcc/arm-none-eabi/13.3.1/../../../../arm-none-eabi/lib/thumb/v7e-m+fp/hard\libc_nano.a(libc_a-memset.o)
                0x08006b7c                memset
 .text._close_r
                0x08006b8c       0x20 C:/Program Files/STMicroelectronics/STM32Cube/STM32CubeIDE_2.0.0/STM32CubeIDE/plugins/com.st.stm32cube.ide.mcu.externaltools.gnu-tools-for-stm32.13.3.rel1.win32_1.0.100.202509120712/tools/bin/../lib/gcc/arm-none-eabi/13.3.1/../../../../arm-none-eabi/lib/thumb/v7e-m+fp/hard\libc_nano.a(libc_a-closer.o)
                0x08006b8c                _close_r
 .text._lseek_r
                0x08006bac       0x24 C:/Program Files/STMicroelectronics/STM32Cube/STM32CubeIDE_2.0.0/STM32CubeIDE/plugins/com.st.stm32cube.ide.mcu.externaltools.gnu-tools-for-stm32.13.3.rel1.win32_1.0.100.202509120712/tools/bin/../lib/gcc/arm-none-eabi/13.3.1/../../../../arm-none-eabi/lib/thumb/v7e-m+fp/hard\libc_nano.a(libc_a-lseekr.o)
                0x08006bac                _lseek_r
 .text._read_r  0x08006bd0       0x24 C:/Program Files/STMicroelectronics/STM32Cube/STM32CubeIDE_2.0.0/STM32CubeIDE/plugins/com.st.stm32cube.ide.mcu.externaltools.gnu-tools-for-stm32.13.3.rel1.win32_1.0.100.202509120712/tools/bin/../lib/gcc/arm-none-eabi/13.3.1/../../../../arm-none-eabi/lib/thumb/v7e-m+fp/hard\libc_nano.a(libc_a-readr.o)
                0x08006bd0                _read_r
 .text._write_r
                0x08006bf4       0x24 C:/Program Files/STMicroelectronics/STM32Cube/STM32CubeIDE_2.0.0/STM32CubeIDE/plugins/com.st.stm32cube.ide.mcu.externaltools.gnu-tools-for-stm32.13.3.rel1.win32_1.0.100.202509120712/tools/bin/../lib/gcc/arm-none-eabi/13.3.1/../../../../arm-none-eabi/lib/thumb/v7e-m+fp/hard\libc_nano.a(libc_a-writer.o)
                0x08006bf4                _write_r
 .text.__errno  0x08006c18        0xc C:/Program Files/STMicroelectronics/STM32Cube/STM32CubeIDE_2.0.0/STM32CubeIDE/plugins/com.st.stm32cube.ide.mcu.externaltools.gnu-tools-for-stm32.13.3.rel1.win32_1.0.100.202509120712/tools/bin/../lib/gcc/arm-none-eabi/13.3.1/../../../../arm-none-eabi/lib/thumb/v7e-m+fp/hard\libc_nano.a(libc_a-errno.o)
                0x08006c18                __errno
 .text.__libc_init_array
                0x08006c24       0x48 C:/Program Files/STMicroelectronics/STM32Cube/STM32CubeIDE_2.0.0/STM32CubeIDE/plugins/com.st.stm32cube.ide.mcu.externaltools.gnu-tools-for-stm32.13.3.rel1.win32_1.0.100.202509120712/tools/bin/../lib/gcc/arm-none-eabi/13.3.1/../../../../arm-none-eabi/lib/thumb/v7e-m+fp/hard\libc_nano.a(libc_a-init.o)
                0x08006c24                __libc_init_array
 .text.__retarget_lock_init_recursive
                0x08006c6c        0x2 C:/Program Files/STMicroelectronics/STM32Cube/STM32CubeIDE_2.0.0/STM32CubeIDE/plugins/com.st.stm32cube.ide.mcu.externaltools.gnu-tools-for-stm32.13.3.rel1.win32_1.0.100.202509120712/tools/bin/../lib/gcc/arm-none-eabi/13.3.1/../../../../arm-none-eabi/lib/thumb/v7e-m+fp/hard\libc_nano.a(libc_a-lock.o)
                0x08006c6c                __retarget_lock_init_recursive
 .text.__retarget_lock_acquire_recursive
                0x08006c6e        0x2 C:/Program Files/STMicroelectronics/STM32Cube/STM32CubeIDE_2.0.0/STM32CubeIDE/plugins/com.st.stm32cube.ide.mcu.externaltools.gnu-tools-for-stm32.13.3.rel1.win32_1.0.100.202509120712/tools/bin/../lib/gcc/arm-none-eabi/13.3.1/../../../../arm-none-eabi/lib/thumb/v7e-m+fp/hard\libc_nano.a(libc_a-lock.o)
                0x08006c6e                __retarget_lock_acquire_recursive
 .text.__retarget_lock_release_recursive
                0x08006c70        0x2 C:/Program Files/STMicroelectronics/STM32Cube/STM32CubeIDE_2.0.0/STM32CubeIDE/plugins/com.st.stm32cube.ide.mcu.externaltools.gnu-tools-for-stm32.13.3.rel1.win32_1.0.100.202509120712/tools/bin/../lib/gcc/arm-none-eabi/13.3.1/../../../../arm-none-eabi/lib/thumb/v7e-m+fp/hard\libc_nano.a(libc_a-lock.o)
                0x08006c70                __retarget_lock_release_recursive
 .text.memcpy   0x08006c72       0x1c C:/Program Files/STMicroelectronics/STM32Cube/STM32CubeIDE_2.0.0/STM32CubeIDE/plugins/com.st.stm32cube.ide.mcu.externaltools.gnu-tools-for-stm32.13.3.rel1.win32_1.0.100.202509120712/tools/bin/../lib/gcc/arm-none-eabi/13.3.1/../../../../arm-none-eabi/lib/thumb/v7e-m+fp/hard\libc_nano.a(libc_a-memcpy-stub.o)
                0x08006c72                memcpy
 *fill*         0x08006c8e        0x2 
 .text._free_r  0x08006c90       0x94 C:/Program Files/STMicroelectronics/STM32Cube/STM32CubeIDE_2.0.0/STM32CubeIDE/plugins/com.st.stm32cube.ide.mcu.externaltools.gnu-tools-for-stm32.13.3.rel1.win32_1.0.100.202509120712/tools/bin/../lib/gcc/arm-none-eabi/13.3.1/../../../../arm-none-eabi/lib/thumb/v7e-m+fp/hard\libc_nano.a(libc_a-freer.o)
                0x08006c90                _free_r
 .text.sbrk_aligned
                0x08006d24       0x44 C:/Program Files/STMicroelectronics/STM32Cube/STM32CubeIDE_2.0.0/STM32CubeIDE/plugins/com.st.stm32cube.ide.mcu.externaltools.gnu-tools-for-stm32.13.3.rel1.win32_1.0.100.202509120712/tools/bin/../lib/gcc/arm-none-eabi/13.3.1/../../../../arm-none-eabi/lib/thumb/v7e-m+fp/hard\libc_nano.a(libc_a-mallocr.o)
 .text._malloc_r
                0x08006d68      0x100 C:/Program Files/STMicroelectronics/STM32Cube/STM32CubeIDE_2.0.0/STM32CubeIDE/plugins/com.st.stm32cube.ide.mcu.externaltools.gnu-tools-for-stm32.13.3.rel1.win32_1.0.100.202509120712/tools/bin/../lib/gcc/arm-none-eabi/13.3.1/../../../../arm-none-eabi/lib/thumb/v7e-m+fp/hard\libc_nano.a(libc_a-mallocr.o)
                0x08006d68                _malloc_r
 .text.__malloc_lock
                0x08006e68        0xc C:/Program Files/STMicroelectronics/STM32Cube/STM32CubeIDE_2.0.0/STM32CubeIDE/plugins/com.st.stm32cube.ide.mcu.externaltools.gnu-tools-for-stm32.13.3.rel1.win32_1.0.100.202509120712/tools/bin/../lib/gcc/arm-none-eabi/13.3.1/../../../../arm-none-eabi/lib/thumb/v7e-m+fp/hard\libc_nano.a(libc_a-mlock.o)
                0x08006e68                __malloc_lock
 .text.__malloc_unlock
                0x08006e74        0xc C:/Program Files/STMicroelectronics/STM32Cube/STM32CubeIDE_2.0.0/STM32CubeIDE/plugins/com.st.stm32cube.ide.mcu.externaltools.gnu-tools-for-stm32.13.3.rel1.win32_1.0.100.202509120712/tools/bin/../lib/gcc/arm-none-eabi/13.3.1/../../../../arm-none-eabi/lib/thumb/v7e-m+fp/hard\libc_nano.a(libc_a-mlock.o)
                0x08006e74                __malloc_unlock
 .text.__sfputc_r
                0x08006e80       0x2e C:/Program Files/STMicroelectronics/STM32Cube/STM32CubeIDE_2.0.0/STM32CubeIDE/plugins/com.st.stm32cube.ide.mcu.externaltools.gnu-tools-for-stm32.13.3.rel1.win32_1.0.100.202509120712/tools/bin/../lib/gcc/arm-none-eabi/13.3.1/../../../../arm-none-eabi/lib/thumb/v7e-m+fp/hard\libc_nano.a(libc_a-nano-vfprintf.o)
 .text.__sfputs_r
                0x08006eae       0x24 C:/Program Files/STMicroelectronics/STM32Cube/STM32CubeIDE_2.0.0/STM32CubeIDE/plugins/com.st.stm32cube.ide.mcu.externaltools.gnu-tools-for-stm32.13.3.rel1.win32_1.0.100.202509120712/tools/bin/../lib/gcc/arm-none-eabi/13.3.1/../../../../arm-none-eabi/lib/thumb/v7e-m+fp/hard\libc_nano.a(libc_a-nano-vfprintf.o)
                0x08006eae                __sfputs_r
 *fill*         0x08006ed2        0x2 
 .text._vfprintf_r
                0x08006ed4      0x230 C:/Program Files/STMicroelectronics/STM32Cube/STM32CubeIDE_2.0.0/STM32CubeIDE/plugins/com.st.stm32cube.ide.mcu.externaltools.gnu-tools-for-stm32.13.3.rel1.win32_1.0.100.202509120712/tools/bin/../lib/gcc/arm-none-eabi/13.3.1/../../../../arm-none-eabi/lib/thumb/v7e-m+fp/hard\libc_nano.a(libc_a-nano-vfprintf.o)
                0x08006ed4                _vfprintf_r
                0x08006ed4                _vfiprintf_r
 .text._printf_common
                0x08007104       0xda C:/Program Files/STMicroelectronics/STM32Cube/STM32CubeIDE_2.0.0/STM32CubeIDE/plugins/com.st.stm32cube.ide.mcu.externaltools.gnu-tools-for-stm32.13.3.rel1.win32_1.0.100.202509120712/tools/bin/../lib/gcc/arm-none-eabi/13.3.1/../../../../arm-none-eabi/lib/thumb/v7e-m+fp/hard\libc_nano.a(libc_a-nano-vfprintf_i.o)
                0x08007104                _printf_common
 *fill*         0x080071de        0x2 
 .text._printf_i
                0x080071e0      0x23c C:/Program Files/STMicroelectronics/STM32Cube/STM32CubeIDE_2.0.0/STM32CubeIDE/plugins/com.st.stm32cube.ide.mcu.externaltools.gnu-tools-for-stm32.13.3.rel1.win32_1.0.100.202509120712/tools/bin/../lib/gcc/arm-none-eabi/13.3.1/../../../../arm-none-eabi/lib/thumb/v7e-m+fp/hard\libc_nano.a(libc_a-nano-vfprintf_i.o)
                0x080071e0                _printf_i
 .text.__sflush_r
                0x0800741c      0x108 C:/Program Files/STMicroelectronics/STM32Cube/STM32CubeIDE_2.0.0/STM32CubeIDE/plugins/com.st.stm32cube.ide.mcu.externaltools.gnu-tools-for-stm32.13.3.rel1.win32_1.0.100.202509120712/tools/bin/../lib/gcc/arm-none-eabi/13.3.1/../../../../arm-none-eabi/lib/thumb/v7e-m+fp/hard\libc_nano.a(libc_a-fflush.o)
                0x0800741c                __sflush_r
 .text._fflush_r
                0x08007524       0x50 C:/Program Files/STMicroelectronics/STM32Cube/STM32CubeIDE_2.0.0/STM32CubeIDE/plugins/com.st.stm32cube.ide.mcu.externaltools.gnu-tools-for-stm32.13.3.rel1.win32_1.0.100.202509120712/tools/bin/../lib/gcc/arm-none-eabi/13.3.1/../../../../arm-none-eabi/lib/thumb/v7e-m+fp/hard\libc_nano.a(libc_a-fflush.o)
                0x08007524                _fflush_r
 .text.__swhatbuf_r
                0x08007574       0x4c C:/Program Files/STMicroelectronics/STM32Cube/STM32CubeIDE_2.0.0/STM32CubeIDE/plugins/com.st.stm32cube.ide.mcu.externaltools.gnu-tools-for-stm32.13.3.rel1.win32_1.0.100.202509120712/tools/bin/../lib/gcc/arm-none-eabi/13.3.1/../../../../arm-none-eabi/lib/thumb/v7e-m+fp/hard\libc_nano.a(libc_a-makebuf.o)
                0x08007574                __swhatbuf_r
 .text.__smakebuf_r
                0x080075c0       0x78 C:/Program Files/STMicroelectronics/STM32Cube/STM32CubeIDE_2.0.0/STM32CubeIDE/plugins/com.st.stm32cube.ide.mcu.externaltools.gnu-tools-for-stm32.13.3.rel1.win32_1.0.100.202509120712/tools/bin/../lib/gcc/arm-none-eabi/13.3.1/../../../../arm-none-eabi/lib/thumb/v7e-m+fp/hard\libc_nano.a(libc_a-makebuf.o)
                0x080075c0                __smakebuf_r
 .text._fstat_r
                0x08007638       0x24 C:/Program Files/STMicroelectronics/STM32Cube/STM32CubeIDE_2.0.0/STM32CubeIDE/plugins/com.st.stm32cube.ide.mcu.externaltools.gnu-tools-for-stm32.13.3.rel1.win32_1.0.100.202509120712/tools/bin/../lib/gcc/arm-none-eabi/13.3.1/../../../../arm-none-eabi/lib/thumb/v7e-m+fp/hard\libc_nano.a(libc_a-fstatr.o)
                0x08007638                _fstat_r
 .text._isatty_r
                0x0800765c       0x20 C:/Program Files/STMicroelectronics/STM32Cube/STM32CubeIDE_2.0.0/STM32CubeIDE/plugins/com.st.stm32cube.ide.mcu.externaltools.gnu-tools-for-stm32.13.3.rel1.win32_1.0.100.202509120712/tools/bin/../lib/gcc/arm-none-eabi/13.3.1/../../../../arm-none-eabi/lib/thumb/v7e-m+fp/hard\libc_nano.a(libc_a-isattyr.o)
                0x0800765c                _isatty_r
 .text._sbrk_r  0x0800767c       0x20 C:/Program Files/STMicroelectronics/STM32Cube/STM32CubeIDE_2.0.0/STM32CubeIDE/plugins/com.st.stm32cube.ide.mcu.externaltools.gnu-tools-for-stm32.13.3.rel1.win32_1.0.100.202509120712/tools/bin/../lib/gcc/arm-none-eabi/13.3.1/../../../../arm-none-eabi/lib/thumb/v7e-m+fp/hard\libc_nano.a(libc_a-sbrkr.o)
                0x0800767c                _sbrk_r
 *(.glue_7)
 .glue_7        0x0800769c        0x0 linker stubs
 *(.glue_7t)
 .glue_7t       0x0800769c        0x0 linker stubs
 *(.eh_frame)
 .eh_frame      0x0800769c        0x0 C:/Program Files/STMicroelectronics/STM32Cube/STM32CubeIDE_2.0.0/STM32CubeIDE/plugins/com.st.stm32cube.ide.mcu.externaltools.gnu-tools-for-stm32.13.3.rel1.win32_1.0.100.202509120712/tools/bin/../lib/gcc/arm-none-eabi/13.3.1/thumb/v7e-m+fp/hard/crtbegin.o
 *(.init)
 .init          0x0800769c        0x4 C:/Program Files/STMicroelectronics/STM32Cube/STM32CubeIDE_2.0.0/STM32CubeIDE/plugins/com.st.stm32cube.ide.mcu.externaltools.gnu-tools-for-stm32.13.3.rel1.win32_1.0.100.202509120712/tools/bin/../lib/gcc/arm-none-eabi/13.3.1/thumb/v7e-m+fp/hard/crti.o
                0x0800769c                _init
 .init          0x080076a0        0x8 C:/Program Files/STMicroelectronics/STM32Cube/STM32CubeIDE_2.0.0/STM32CubeIDE/plugins/com.st.stm32cube.ide.mcu.externaltools.gnu-tools-for-stm32.13.3.rel1.win32_1.0.100.202509120712/tools/bin/../lib/gcc/arm-none-eabi/13.3.1/thumb/v7e-m+fp/hard/crtn.o
 *(.fini)
 .fini          0x080076a8        0x4 C:/Program Files/STMicroelectronics/STM32Cube/STM32CubeIDE_2.0.0/STM32CubeIDE/plugins/com.st.stm32cube.ide.mcu.externaltools.gnu-tools-for-stm32.13.3.rel1.win32_1.0.100.202509120712/tools/bin/../lib/gcc/arm-none-eabi/13.3.1/thumb/v7e-m+fp/hard/crti.o
                0x080076a8                _fini
 .fini          0x080076ac        0x8 C:/Program Files/STMicroelectronics/STM32Cube/STM32CubeIDE_2.0.0/STM32CubeIDE/plugins/com.st.stm32cube.ide.mcu.externaltools.gnu-tools-for-stm32.13.3.rel1.win32_1.0.100.202509120712/tools/bin/../lib/gcc/arm-none-eabi/13.3.1/thumb/v7e-m+fp/hard/crtn.o
                0x080076b4                        . = ALIGN (0x4)
                0x080076b4                        _etext = .

.vfp11_veneer   0x080076b4        0x0
 .vfp11_veneer  0x080076b4        0x0 linker stubs

.v4_bx          0x080076b4        0x0
 .v4_bx         0x080076b4        0x0 linker stubs

.iplt           0x080076b4        0x0
 .iplt          0x080076b4        0x0 C:/Program Files/STMicroelectronics/STM32Cube/STM32CubeIDE_2.0.0/STM32CubeIDE/plugins/com.st.stm32cube.ide.mcu.externaltools.gnu-tools-for-stm32.13.3.rel1.win32_1.0.100.202509120712/tools/bin/../lib/gcc/arm-none-eabi/13.3.1/thumb/v7e-m+fp/hard/crtbegin.o

.rodata         0x080076b4      0x358
                0x080076b4                        . = ALIGN (0x4)
 *(.rodata)
 .rodata        0x080076b4      0x2f0 ./Core/Src/main.o
 .rodata        0x080079a4        0x5 ./Workspace_FreeRTOS/FreeRTOS-Kernel/tasks.o
 *fill*         0x080079a9        0x3 
 .rodata        0x080079ac        0xd ./Workspace_FreeRTOS/FreeRTOS-Kernel/timers.o
 *(.rodata*)
 *fill*         0x080079b9        0x3 
 .rodata.AHBPrescTable
                0x080079bc       0x10 ./Core/Src/system_stm32f4xx.o
                0x080079bc                AHBPrescTable
 .rodata.APBPrescTable
                0x080079cc        0x8 ./Core/Src/system_stm32f4xx.o
                0x080079cc                APBPrescTable
 .rodata.uxTopUsedPriority
                0x080079d4        0x4 ./Workspace_FreeRTOS/FreeRTOS-Kernel/tasks.o
 .rodata._vfprintf_r.str1.1
                0x080079d8       0x33 C:/Program Files/STMicroelectronics/STM32Cube/STM32CubeIDE_2.0.0/STM32CubeIDE/plugins/com.st.stm32cube.ide.mcu.externaltools.gnu-tools-for-stm32.13.3.rel1.win32_1.0.100.202509120712/tools/bin/../lib/gcc/arm-none-eabi/13.3.1/../../../../arm-none-eabi/lib/thumb/v7e-m+fp/hard\libc_nano.a(libc_a-nano-vfprintf.o)
                                 0x11 (size before relaxing)
 .rodata._printf_i.str1.1
                0x08007a0b        0x0 C:/Program Files/STMicroelectronics/STM32Cube/STM32CubeIDE_2.0.0/STM32CubeIDE/plugins/com.st.stm32cube.ide.mcu.externaltools.gnu-tools-for-stm32.13.3.rel1.win32_1.0.100.202509120712/tools/bin/../lib/gcc/arm-none-eabi/13.3.1/../../../../arm-none-eabi/lib/thumb/v7e-m+fp/hard\libc_nano.a(libc_a-nano-vfprintf_i.o)
                                 0x22 (size before relaxing)
                0x08007a0c                        . = ALIGN (0x4)
 *fill*         0x08007a0b        0x1 

.ARM.extab      0x08007a0c        0x0
                0x08007a0c                        . = ALIGN (0x4)
 *(.ARM.extab* .gnu.linkonce.armextab.*)
                0x08007a0c                        . = ALIGN (0x4)

.ARM            0x08007a0c        0x8
                0x08007a0c                        . = ALIGN (0x4)
                0x08007a0c                        __exidx_start = .
 *(.ARM.exidx*)
 .ARM.exidx     0x08007a0c        0x8 C:/Program Files/STMicroelectronics/STM32Cube/STM32CubeIDE_2.0.0/STM32CubeIDE/plugins/com.st.stm32cube.ide.mcu.externaltools.gnu-tools-for-stm32.13.3.rel1.win32_1.0.100.202509120712/tools/bin/../lib/gcc/arm-none-eabi/13.3.1/../../../../arm-none-eabi/lib/thumb/v7e-m+fp/hard\libc_nano.a(libc_a-memchr.o)
 .ARM.exidx     0x08007a14        0x0 C:/Program Files/STMicroelectronics/STM32Cube/STM32CubeIDE_2.0.0/STM32CubeIDE/plugins/com.st.stm32cube.ide.mcu.externaltools.gnu-tools-for-stm32.13.3.rel1.win32_1.0.100.202509120712/tools/bin/../lib/gcc/arm-none-eabi/13.3.1/thumb/v7e-m+fp/hard\libgcc.a(_udivmoddi4.o)
                                  0x8 (size before relaxing)
                0x08007a14                        __exidx_end = .
                0x08007a14                        . = ALIGN (0x4)

.preinit_array  0x08007a14        0x0
                0x08007a14                        . = ALIGN (0x4)
                0x08007a14                        PROVIDE (__preinit_array_start = .)
 *(.preinit_array*)
                0x08007a14                        PROVIDE (__preinit_array_end = .)
                0x08007a14                        . = ALIGN (0x4)

.init_array     0x08007a14        0x4
                0x08007a14                        . = ALIGN (0x4)
                0x08007a14                        PROVIDE (__init_array_start = .)
 *(SORT_BY_NAME(.init_array.*))
 *(.init_array*)
 .init_array    0x08007a14        0x4 C:/Program Files/STMicroelectronics/STM32Cube/STM32CubeIDE_2.0.0/STM32CubeIDE/plugins/com.st.stm32cube.ide.mcu.externaltools.gnu-tools-for-stm32.13.3.rel1.win32_1.0.100.202509120712/tools/bin/../lib/gcc/arm-none-eabi/13.3.1/thumb/v7e-m+fp/hard/crtbegin.o
                0x08007a18                        PROVIDE (__init_array_end = .)
                0x08007a18                        . = ALIGN (0x4)

.fini_array     0x08007a18        0x4
                0x08007a18                        . = ALIGN (0x4)
                [!provide]                        PROVIDE (__fini_array_start = .)
 *(SORT_BY_NAME(.fini_array.*))
 *(.fini_array*)
 .fini_array    0x08007a18        0x4 C:/Program Files/STMicroelectronics/STM32Cube/STM32CubeIDE_2.0.0/STM32CubeIDE/plugins/com.st.stm32cube.ide.mcu.externaltools.gnu-tools-for-stm32.13.3.rel1.win32_1.0.100.202509120712/tools/bin/../lib/gcc/arm-none-eabi/13.3.1/thumb/v7e-m+fp/hard/crtbegin.o
                [!provide]                        PROVIDE (__fini_array_end = .)
                0x08007a1c                        . = ALIGN (0x4)
                0x08007a1c                        _sidata = LOADADDR (.data)

.rel.dyn        0x08007a1c        0x0
 .rel.iplt      0x08007a1c        0x0 C:/Program Files/STMicroelectronics/STM32Cube/STM32CubeIDE_2.0.0/STM32CubeIDE/plugins/com.st.stm32cube.ide.mcu.externaltools.gnu-tools-for-stm32.13.3.rel1.win32_1.0.100.202509120712/tools/bin/../lib/gcc/arm-none-eabi/13.3.1/thumb/v7e-m+fp/hard/crtbegin.o

.data           0x20000000       0x78 load address 0x08007a1c
                0x20000000                        . = ALIGN (0x4)
                0x20000000                        _sdata = .
 *(.data)
 *(.data*)
 .data.resource
                0x20000000        0xc ./Core/Src/main.o
                0x20000000                resource
 .data.SystemCoreClock
                0x2000000c        0x4 ./Core/Src/system_stm32f4xx.o
                0x2000000c                SystemCoreClock
 .data.uwTickPrio
                0x20000010        0x4 ./Drivers/STM32F4xx_HAL_Driver/Src/stm32f4xx_hal.o
                0x20000010                uwTickPrio
 .data.uwTickFreq
                0x20000014        0x1 ./Drivers/STM32F4xx_HAL_Driver/Src/stm32f4xx_hal.o
                0x20000014                uwTickFreq
 *fill*         0x20000015        0x3 
 .data.uxCriticalNesting
                0x20000018        0x4 ./Workspace_FreeRTOS/FreeRTOS-Kernel/portable/GCC/ARM_CM4F/port.o
 .data.__sglue  0x2000001c        0xc C:/Program Files/STMicroelectronics/STM32Cube/STM32CubeIDE_2.0.0/STM32CubeIDE/plugins/com.st.stm32cube.ide.mcu.externaltools.gnu-tools-for-stm32.13.3.rel1.win32_1.0.100.202509120712/tools/bin/../lib/gcc/arm-none-eabi/13.3.1/../../../../arm-none-eabi/lib/thumb/v7e-m+fp/hard\libc_nano.a(libc_a-findfp.o)
                0x2000001c                __sglue
 .data._impure_ptr
                0x20000028        0x4 C:/Program Files/STMicroelectronics/STM32Cube/STM32CubeIDE_2.0.0/STM32CubeIDE/plugins/com.st.stm32cube.ide.mcu.externaltools.gnu-tools-for-stm32.13.3.rel1.win32_1.0.100.202509120712/tools/bin/../lib/gcc/arm-none-eabi/13.3.1/../../../../arm-none-eabi/lib/thumb/v7e-m+fp/hard\libc_nano.a(libc_a-impure.o)
                0x20000028                _impure_ptr
 .data._impure_data
                0x2000002c       0x4c C:/Program Files/STMicroelectronics/STM32Cube/STM32CubeIDE_2.0.0/STM32CubeIDE/plugins/com.st.stm32cube.ide.mcu.externaltools.gnu-tools-for-stm32.13.3.rel1.win32_1.0.100.202509120712/tools/bin/../lib/gcc/arm-none-eabi/13.3.1/../../../../arm-none-eabi/lib/thumb/v7e-m+fp/hard\libc_nano.a(libc_a-impure.o)
                0x2000002c                _impure_data
 *(.RamFunc)
 *(.RamFunc*)
                0x20000078                        . = ALIGN (0x4)
                0x20000078                        _edata = .

.igot.plt       0x20000078        0x0 load address 0x08007a94
 .igot.plt      0x20000078        0x0 C:/Program Files/STMicroelectronics/STM32Cube/STM32CubeIDE_2.0.0/STM32CubeIDE/plugins/com.st.stm32cube.ide.mcu.externaltools.gnu-tools-for-stm32.13.3.rel1.win32_1.0.100.202509120712/tools/bin/../lib/gcc/arm-none-eabi/13.3.1/thumb/v7e-m+fp/hard/crtbegin.o
                0x20000078                        . = ALIGN (0x4)

.bss            0x20000078    0x12fc0 load address 0x08007a94
                0x20000078                        _sbss = .
                0x20000078                        __bss_start__ = _sbss
 *(.bss)
 .bss           0x20000078       0x1c C:/Program Files/STMicroelectronics/STM32Cube/STM32CubeIDE_2.0.0/STM32CubeIDE/plugins/com.st.stm32cube.ide.mcu.externaltools.gnu-tools-for-stm32.13.3.rel1.win32_1.0.100.202509120712/tools/bin/../lib/gcc/arm-none-eabi/13.3.1/thumb/v7e-m+fp/hard/crtbegin.o
 *(.bss*)
 .bss.huart2    0x20000094       0x48 ./Core/Src/main.o
                0x20000094                huart2
 .bss.HPThandler
                0x200000dc        0x4 ./Core/Src/main.o
                0x200000dc                HPThandler
 .bss.MPThandler
                0x200000e0        0x4 ./Core/Src/main.o
                0x200000e0                MPThandler
 .bss.LPThandler
                0x200000e4        0x4 ./Core/Src/main.o
                0x200000e4                LPThandler
 .bss.VLPThandler
                0x200000e8        0x4 ./Core/Src/main.o
                0x200000e8                VLPThandler
 .bss.CountingSem
                0x200000ec        0x4 ./Core/Src/main.o
                0x200000ec                CountingSem
 .bss.indx      0x200000f0        0x4 ./Core/Src/main.o
                0x200000f0                indx
 .bss.rx_data   0x200000f4        0x1 ./Core/Src/main.o
                0x200000f4                rx_data
 *fill*         0x200000f5        0x3 
 .bss.htim1     0x200000f8       0x48 ./Core/Src/stm32f4xx_hal_timebase_tim.o
                0x200000f8                htim1
 .bss.__sbrk_heap_end
                0x20000140        0x4 ./Core/Src/sysmem.o
 .bss.uwTick    0x20000144        0x4 ./Drivers/STM32F4xx_HAL_Driver/Src/stm32f4xx_hal.o
                0x20000144                uwTick
 .bss.xQueueRegistry
                0x20000148       0x40 ./Workspace_FreeRTOS/FreeRTOS-Kernel/queue.o
                0x20000148                xQueueRegistry
 .bss.pxCurrentTCB
                0x20000188        0x4 ./Workspace_FreeRTOS/FreeRTOS-Kernel/tasks.o
                0x20000188                pxCurrentTCB
 .bss.pxReadyTasksLists
                0x2000018c       0x64 ./Workspace_FreeRTOS/FreeRTOS-Kernel/tasks.o
 .bss.xDelayedTaskList1
                0x200001f0       0x14 ./Workspace_FreeRTOS/FreeRTOS-Kernel/tasks.o
 .bss.xDelayedTaskList2
                0x20000204       0x14 ./Workspace_FreeRTOS/FreeRTOS-Kernel/tasks.o
 .bss.pxDelayedTaskList
                0x20000218        0x4 ./Workspace_FreeRTOS/FreeRTOS-Kernel/tasks.o
 .bss.pxOverflowDelayedTaskList
                0x2000021c        0x4 ./Workspace_FreeRTOS/FreeRTOS-Kernel/tasks.o
 .bss.xPendingReadyList
                0x20000220       0x14 ./Workspace_FreeRTOS/FreeRTOS-Kernel/tasks.o
 .bss.xTasksWaitingTermination
                0x20000234       0x14 ./Workspace_FreeRTOS/FreeRTOS-Kernel/tasks.o
 .bss.uxDeletedTasksWaitingCleanUp
                0x20000248        0x4 ./Workspace_FreeRTOS/FreeRTOS-Kernel/tasks.o
 .bss.xSuspendedTaskList
                0x2000024c       0x14 ./Workspace_FreeRTOS/FreeRTOS-Kernel/tasks.o
 .bss.uxCurrentNumberOfTasks
                0x20000260        0x4 ./Workspace_FreeRTOS/FreeRTOS-Kernel/tasks.o
 .bss.xTickCount
                0x20000264        0x4 ./Workspace_FreeRTOS/FreeRTOS-Kernel/tasks.o
 .bss.uxTopReadyPriority
                0x20000268        0x4 ./Workspace_FreeRTOS/FreeRTOS-Kernel/tasks.o
 .bss.xSchedulerRunning
                0x2000026c        0x4 ./Workspace_FreeRTOS/FreeRTOS-Kernel/tasks.o
 .bss.xPendedTicks
                0x20000270        0x4 ./Workspace_FreeRTOS/FreeRTOS-Kernel/tasks.o
 .bss.xYieldPendings
                0x20000274        0x4 ./Workspace_FreeRTOS/FreeRTOS-Kernel/tasks.o
 .bss.xNumOfOverflows
                0x20000278        0x4 ./Workspace_FreeRTOS/FreeRTOS-Kernel/tasks.o
 .bss.uxTaskNumber
                0x2000027c        0x4 ./Workspace_FreeRTOS/FreeRTOS-Kernel/tasks.o
 .bss.xNextTaskUnblockTime
                0x20000280        0x4 ./Workspace_FreeRTOS/FreeRTOS-Kernel/tasks.o
 .bss.xIdleTaskHandles
                0x20000284        0x4 ./Workspace_FreeRTOS/FreeRTOS-Kernel/tasks.o
 .bss.uxSchedulerSuspended
                0x20000288        0x4 ./Workspace_FreeRTOS/FreeRTOS-Kernel/tasks.o
 .bss.xActiveTimerList1
                0x2000028c       0x14 ./Workspace_FreeRTOS/FreeRTOS-Kernel/timers.o
 .bss.xActiveTimerList2
                0x200002a0       0x14 ./Workspace_FreeRTOS/FreeRTOS-Kernel/timers.o
 .bss.pxCurrentTimerList
                0x200002b4        0x4 ./Workspace_FreeRTOS/FreeRTOS-Kernel/timers.o
 .bss.pxOverflowTimerList
                0x200002b8        0x4 ./Workspace_FreeRTOS/FreeRTOS-Kernel/timers.o
 .bss.xTimerQueue
                0x200002bc        0x4 ./Workspace_FreeRTOS/FreeRTOS-Kernel/timers.o
 .bss.xTimerTaskHandle
                0x200002c0        0x4 ./Workspace_FreeRTOS/FreeRTOS-Kernel/timers.o
 .bss.xLastTime.0
                0x200002c4        0x4 ./Workspace_FreeRTOS/FreeRTOS-Kernel/timers.o
 .bss.ucMaxSysCallPriority
                0x200002c8        0x1 ./Workspace_FreeRTOS/FreeRTOS-Kernel/portable/GCC/ARM_CM4F/port.o
 *fill*         0x200002c9        0x3 
 .bss.ulMaxPRIGROUPValue
                0x200002cc        0x4 ./Workspace_FreeRTOS/FreeRTOS-Kernel/portable/GCC/ARM_CM4F/port.o
 .bss.ucHeap    0x200002d0    0x12c00 ./Workspace_FreeRTOS/FreeRTOS-Kernel/portable/MemMang/heap_4.o
 .bss.xStart    0x20012ed0        0x8 ./Workspace_FreeRTOS/FreeRTOS-Kernel/portable/MemMang/heap_4.o
 .bss.pxEnd     0x20012ed8        0x4 ./Workspace_FreeRTOS/FreeRTOS-Kernel/portable/MemMang/heap_4.o
 .bss.xFreeBytesRemaining
                0x20012edc        0x4 ./Workspace_FreeRTOS/FreeRTOS-Kernel/portable/MemMang/heap_4.o
 .bss.xMinimumEverFreeBytesRemaining
                0x20012ee0        0x4 ./Workspace_FreeRTOS/FreeRTOS-Kernel/portable/MemMang/heap_4.o
 .bss.xNumberOfSuccessfulAllocations
                0x20012ee4        0x4 ./Workspace_FreeRTOS/FreeRTOS-Kernel/portable/MemMang/heap_4.o
 .bss.xNumberOfSuccessfulFrees
                0x20012ee8        0x4 ./Workspace_FreeRTOS/FreeRTOS-Kernel/portable/MemMang/heap_4.o
 .bss.__sf      0x20012eec      0x138 C:/Program Files/STMicroelectronics/STM32Cube/STM32CubeIDE_2.0.0/STM32CubeIDE/plugins/com.st.stm32cube.ide.mcu.externaltools.gnu-tools-for-stm32.13.3.rel1.win32_1.0.100.202509120712/tools/bin/../lib/gcc/arm-none-eabi/13.3.1/../../../../arm-none-eabi/lib/thumb/v7e-m+fp/hard\libc_nano.a(libc_a-findfp.o)
                0x20012eec                __sf
 .bss.__stdio_exit_handler
                0x20013024        0x4 C:/Program Files/STMicroelectronics/STM32Cube/STM32CubeIDE_2.0.0/STM32CubeIDE/plugins/com.st.stm32cube.ide.mcu.externaltools.gnu-tools-for-stm32.13.3.rel1.win32_1.0.100.202509120712/tools/bin/../lib/gcc/arm-none-eabi/13.3.1/../../../../arm-none-eabi/lib/thumb/v7e-m+fp/hard\libc_nano.a(libc_a-findfp.o)
                0x20013024                __stdio_exit_handler
 .bss.errno     0x20013028        0x4 C:/Program Files/STMicroelectronics/STM32Cube/STM32CubeIDE_2.0.0/STM32CubeIDE/plugins/com.st.stm32cube.ide.mcu.externaltools.gnu-tools-for-stm32.13.3.rel1.win32_1.0.100.202509120712/tools/bin/../lib/gcc/arm-none-eabi/13.3.1/../../../../arm-none-eabi/lib/thumb/v7e-m+fp/hard\libc_nano.a(libc_a-reent.o)
                0x20013028                errno
 .bss.__lock___malloc_recursive_mutex
                0x2001302c        0x1 C:/Program Files/STMicroelectronics/STM32Cube/STM32CubeIDE_2.0.0/STM32CubeIDE/plugins/com.st.stm32cube.ide.mcu.externaltools.gnu-tools-for-stm32.13.3.rel1.win32_1.0.100.202509120712/tools/bin/../lib/gcc/arm-none-eabi/13.3.1/../../../../arm-none-eabi/lib/thumb/v7e-m+fp/hard\libc_nano.a(libc_a-lock.o)
                0x2001302c                __lock___malloc_recursive_mutex
 .bss.__lock___sfp_recursive_mutex
                0x2001302d        0x1 C:/Program Files/STMicroelectronics/STM32Cube/STM32CubeIDE_2.0.0/STM32CubeIDE/plugins/com.st.stm32cube.ide.mcu.externaltools.gnu-tools-for-stm32.13.3.rel1.win32_1.0.100.202509120712/tools/bin/../lib/gcc/arm-none-eabi/13.3.1/../../../../arm-none-eabi/lib/thumb/v7e-m+fp/hard\libc_nano.a(libc_a-lock.o)
                0x2001302d                __lock___sfp_recursive_mutex
 *fill*         0x2001302e        0x2 
 .bss.__malloc_sbrk_start
                0x20013030        0x4 C:/Program Files/STMicroelectronics/STM32Cube/STM32CubeIDE_2.0.0/STM32CubeIDE/plugins/com.st.stm32cube.ide.mcu.externaltools.gnu-tools-for-stm32.13.3.rel1.win32_1.0.100.202509120712/tools/bin/../lib/gcc/arm-none-eabi/13.3.1/../../../../arm-none-eabi/lib/thumb/v7e-m+fp/hard\libc_nano.a(libc_a-mallocr.o)
                0x20013030                __malloc_sbrk_start
 .bss.__malloc_free_list
                0x20013034        0x4 C:/Program Files/STMicroelectronics/STM32Cube/STM32CubeIDE_2.0.0/STM32CubeIDE/plugins/com.st.stm32cube.ide.mcu.externaltools.gnu-tools-for-stm32.13.3.rel1.win32_1.0.100.202509120712/tools/bin/../lib/gcc/arm-none-eabi/13.3.1/../../../../arm-none-eabi/lib/thumb/v7e-m+fp/hard\libc_nano.a(libc_a-mallocr.o)
                0x20013034                __malloc_free_list
 *(COMMON)
                0x20013038                        . = ALIGN (0x4)
                0x20013038                        _ebss = .
                0x20013038                        __bss_end__ = _ebss

._user_heap_stack
                0x20013038      0x600 load address 0x08007a94
                0x20013038                        . = ALIGN (0x8)
                [!provide]                        PROVIDE (end = .)
                0x20013038                        PROVIDE (_end = .)
                0x20013238                        . = (. + _Min_Heap_Size)
 *fill*         0x20013038      0x200 
                0x20013638                        . = (. + _Min_Stack_Size)
 *fill*         0x20013238      0x400 
                0x20013638                        . = ALIGN (0x8)

/DISCARD/
 libc.a(*)
 libm.a(*)
 libgcc.a(*)

.ARM.attributes
                0x00000000       0x30
 *(.ARM.attributes)
 .ARM.attributes
                0x00000000       0x22 C:/Program Files/STMicroelectronics/STM32Cube/STM32CubeIDE_2.0.0/STM32CubeIDE/plugins/com.st.stm32cube.ide.mcu.externaltools.gnu-tools-for-stm32.13.3.rel1.win32_1.0.100.202509120712/tools/bin/../lib/gcc/arm-none-eabi/13.3.1/thumb/v7e-m+fp/hard/crti.o
 .ARM.attributes
                0x00000022       0x34 C:/Program Files/STMicroelectronics/STM32Cube/STM32CubeIDE_2.0.0/STM32CubeIDE/plugins/com.st.stm32cube.ide.mcu.externaltools.gnu-tools-for-stm32.13.3.rel1.win32_1.0.100.202509120712/tools/bin/../lib/gcc/arm-none-eabi/13.3.1/thumb/v7e-m+fp/hard/crtbegin.o
 .ARM.attributes
                0x00000056       0x34 ./Core/Src/main.o
 .ARM.attributes
                0x0000008a       0x34 ./Core/Src/stm32f4xx_hal_msp.o
 .ARM.attributes
                0x000000be       0x34 ./Core/Src/stm32f4xx_hal_timebase_tim.o
 .ARM.attributes
                0x000000f2       0x34 ./Core/Src/stm32f4xx_it.o
 .ARM.attributes
                0x00000126       0x34 ./Core/Src/syscalls.o
 .ARM.attributes
                0x0000015a       0x34 ./Core/Src/sysmem.o
 .ARM.attributes
                0x0000018e       0x34 ./Core/Src/system_stm32f4xx.o
 .ARM.attributes
                0x000001c2       0x21 ./Core/Startup/startup_stm32f411retx.o
 .ARM.attributes
                0x000001e3       0x34 ./Drivers/STM32F4xx_HAL_Driver/Src/stm32f4xx_hal.o
 .ARM.attributes
                0x00000217       0x34 ./Drivers/STM32F4xx_HAL_Driver/Src/stm32f4xx_hal_cortex.o
 .ARM.attributes
                0x0000024b       0x34 ./Drivers/STM32F4xx_HAL_Driver/Src/stm32f4xx_hal_dma.o
 .ARM.attributes
                0x0000027f       0x34 ./Drivers/STM32F4xx_HAL_Driver/Src/stm32f4xx_hal_gpio.o
 .ARM.attributes
                0x000002b3       0x34 ./Drivers/STM32F4xx_HAL_Driver/Src/stm32f4xx_hal_rcc.o
 .ARM.attributes
                0x000002e7       0x34 ./Drivers/STM32F4xx_HAL_Driver/Src/stm32f4xx_hal_tim.o
 .ARM.attributes
                0x0000031b       0x34 ./Drivers/STM32F4xx_HAL_Driver/Src/stm32f4xx_hal_tim_ex.o
 .ARM.attributes
                0x0000034f       0x34 ./Drivers/STM32F4xx_HAL_Driver/Src/stm32f4xx_hal_uart.o
 .ARM.attributes
                0x00000383       0x34 ./Workspace_FreeRTOS/FreeRTOS-Kernel/list.o
 .ARM.attributes
                0x000003b7       0x34 ./Workspace_FreeRTOS/FreeRTOS-Kernel/queue.o
 .ARM.attributes
                0x000003eb       0x34 ./Workspace_FreeRTOS/FreeRTOS-Kernel/tasks.o
 .ARM.attributes
                0x0000041f       0x34 ./Workspace_FreeRTOS/FreeRTOS-Kernel/timers.o
 .ARM.attributes
                0x00000453       0x34 ./Workspace_FreeRTOS/FreeRTOS-Kernel/portable/GCC/ARM_CM4F/port.o
 .ARM.attributes
                0x00000487       0x34 ./Workspace_FreeRTOS/FreeRTOS-Kernel/portable/MemMang/heap_4.o
 .ARM.attributes
                0x000004bb       0x34 C:/Program Files/STMicroelectronics/STM32Cube/STM32CubeIDE_2.0.0/STM32CubeIDE/plugins/com.st.stm32cube.ide.mcu.externaltools.gnu-tools-for-stm32.13.3.rel1.win32_1.0.100.202509120712/tools/bin/../lib/gcc/arm-none-eabi/13.3.1/../../../../arm-none-eabi/lib/thumb/v7e-m+fp/hard\libc_nano.a(libc_a-findfp.o)
 .ARM.attributes
                0x000004ef       0x34 C:/Program Files/STMicroelectronics/STM32Cube/STM32CubeIDE_2.0.0/STM32CubeIDE/plugins/com.st.stm32cube.ide.mcu.externaltools.gnu-tools-for-stm32.13.3.rel1.win32_1.0.100.202509120712/tools/bin/../lib/gcc/arm-none-eabi/13.3.1/../../../../arm-none-eabi/lib/thumb/v7e-m+fp/hard\libc_nano.a(libc_a-fwalk.o)
 .ARM.attributes
                0x00000523       0x34 C:/Program Files/STMicroelectronics/STM32Cube/STM32CubeIDE_2.0.0/STM32CubeIDE/plugins/com.st.stm32cube.ide.mcu.externaltools.gnu-tools-for-stm32.13.3.rel1.win32_1.0.100.202509120712/tools/bin/../lib/gcc/arm-none-eabi/13.3.1/../../../../arm-none-eabi/lib/thumb/v7e-m+fp/hard\libc_nano.a(libc_a-printf.o)
 .ARM.attributes
                0x00000557       0x34 C:/Program Files/STMicroelectronics/STM32Cube/STM32CubeIDE_2.0.0/STM32CubeIDE/plugins/com.st.stm32cube.ide.mcu.externaltools.gnu-tools-for-stm32.13.3.rel1.win32_1.0.100.202509120712/tools/bin/../lib/gcc/arm-none-eabi/13.3.1/../../../../arm-none-eabi/lib/thumb/v7e-m+fp/hard\libc_nano.a(libc_a-puts.o)
 .ARM.attributes
                0x0000058b       0x34 C:/Program Files/STMicroelectronics/STM32Cube/STM32CubeIDE_2.0.0/STM32CubeIDE/plugins/com.st.stm32cube.ide.mcu.externaltools.gnu-tools-for-stm32.13.3.rel1.win32_1.0.100.202509120712/tools/bin/../lib/gcc/arm-none-eabi/13.3.1/../../../../arm-none-eabi/lib/thumb/v7e-m+fp/hard\libc_nano.a(libc_a-stdio.o)
 .ARM.attributes
                0x000005bf       0x34 C:/Program Files/STMicroelectronics/STM32Cube/STM32CubeIDE_2.0.0/STM32CubeIDE/plugins/com.st.stm32cube.ide.mcu.externaltools.gnu-tools-for-stm32.13.3.rel1.win32_1.0.100.202509120712/tools/bin/../lib/gcc/arm-none-eabi/13.3.1/../../../../arm-none-eabi/lib/thumb/v7e-m+fp/hard\libc_nano.a(libc_a-wbuf.o)
 .ARM.attributes
                0x000005f3       0x34 C:/Program Files/STMicroelectronics/STM32Cube/STM32CubeIDE_2.0.0/STM32CubeIDE/plugins/com.st.stm32cube.ide.mcu.externaltools.gnu-tools-for-stm32.13.3.rel1.win32_1.0.100.202509120712/tools/bin/../lib/gcc/arm-none-eabi/13.3.1/../../../../arm-none-eabi/lib/thumb/v7e-m+fp/hard\libc_nano.a(libc_a-wsetup.o)
 .ARM.attributes
                0x00000627       0x34 C:/Program Files/STMicroelectronics/STM32Cube/STM32CubeIDE_2.0.0/STM32CubeIDE/plugins/com.st.stm32cube.ide.mcu.externaltools.gnu-tools-for-stm32.13.3.rel1.win32_1.0.100.202509120712/tools/bin/../lib/gcc/arm-none-eabi/13.3.1/../../../../arm-none-eabi/lib/thumb/v7e-m+fp/hard\libc_nano.a(libc_a-memset.o)
 .ARM.attributes
                0x0000065b       0x34 C:/Program Files/STMicroelectronics/STM32Cube/STM32CubeIDE_2.0.0/STM32CubeIDE/plugins/com.st.stm32cube.ide.mcu.externaltools.gnu-tools-for-stm32.13.3.rel1.win32_1.0.100.202509120712/tools/bin/../lib/gcc/arm-none-eabi/13.3.1/../../../../arm-none-eabi/lib/thumb/v7e-m+fp/hard\libc_nano.a(libc_a-closer.o)
 .ARM.attributes
                0x0000068f       0x34 C:/Program Files/STMicroelectronics/STM32Cube/STM32CubeIDE_2.0.0/STM32CubeIDE/plugins/com.st.stm32cube.ide.mcu.externaltools.gnu-tools-for-stm32.13.3.rel1.win32_1.0.100.202509120712/tools/bin/../lib/gcc/arm-none-eabi/13.3.1/../../../../arm-none-eabi/lib/thumb/v7e-m+fp/hard\libc_nano.a(libc_a-reent.o)
 .ARM.attributes
                0x000006c3       0x34 C:/Program Files/STMicroelectronics/STM32Cube/STM32CubeIDE_2.0.0/STM32CubeIDE/plugins/com.st.stm32cube.ide.mcu.externaltools.gnu-tools-for-stm32.13.3.rel1.win32_1.0.100.202509120712/tools/bin/../lib/gcc/arm-none-eabi/13.3.1/../../../../arm-none-eabi/lib/thumb/v7e-m+fp/hard\libc_nano.a(libc_a-impure.o)
 .ARM.attributes
                0x000006f7       0x34 C:/Program Files/STMicroelectronics/STM32Cube/STM32CubeIDE_2.0.0/STM32CubeIDE/plugins/com.st.stm32cube.ide.mcu.externaltools.gnu-tools-for-stm32.13.3.rel1.win32_1.0.100.202509120712/tools/bin/../lib/gcc/arm-none-eabi/13.3.1/../../../../arm-none-eabi/lib/thumb/v7e-m+fp/hard\libc_nano.a(libc_a-lseekr.o)
 .ARM.attributes
                0x0000072b       0x34 C:/Program Files/STMicroelectronics/STM32Cube/STM32CubeIDE_2.0.0/STM32CubeIDE/plugins/com.st.stm32cube.ide.mcu.externaltools.gnu-tools-for-stm32.13.3.rel1.win32_1.0.100.202509120712/tools/bin/../lib/gcc/arm-none-eabi/13.3.1/../../../../arm-none-eabi/lib/thumb/v7e-m+fp/hard\libc_nano.a(libc_a-readr.o)
 .ARM.attributes
                0x0000075f       0x34 C:/Program Files/STMicroelectronics/STM32Cube/STM32CubeIDE_2.0.0/STM32CubeIDE/plugins/com.st.stm32cube.ide.mcu.externaltools.gnu-tools-for-stm32.13.3.rel1.win32_1.0.100.202509120712/tools/bin/../lib/gcc/arm-none-eabi/13.3.1/../../../../arm-none-eabi/lib/thumb/v7e-m+fp/hard\libc_nano.a(libc_a-writer.o)
 .ARM.attributes
                0x00000793       0x34 C:/Program Files/STMicroelectronics/STM32Cube/STM32CubeIDE_2.0.0/STM32CubeIDE/plugins/com.st.stm32cube.ide.mcu.externaltools.gnu-tools-for-stm32.13.3.rel1.win32_1.0.100.202509120712/tools/bin/../lib/gcc/arm-none-eabi/13.3.1/../../../../arm-none-eabi/lib/thumb/v7e-m+fp/hard\libc_nano.a(libc_a-errno.o)
 .ARM.attributes
                0x000007c7       0x34 C:/Program Files/STMicroelectronics/STM32Cube/STM32CubeIDE_2.0.0/STM32CubeIDE/plugins/com.st.stm32cube.ide.mcu.externaltools.gnu-tools-for-stm32.13.3.rel1.win32_1.0.100.202509120712/tools/bin/../lib/gcc/arm-none-eabi/13.3.1/../../../../arm-none-eabi/lib/thumb/v7e-m+fp/hard\libc_nano.a(libc_a-init.o)
 .ARM.attributes
                0x000007fb       0x34 C:/Program Files/STMicroelectronics/STM32Cube/STM32CubeIDE_2.0.0/STM32CubeIDE/plugins/com.st.stm32cube.ide.mcu.externaltools.gnu-tools-for-stm32.13.3.rel1.win32_1.0.100.202509120712/tools/bin/../lib/gcc/arm-none-eabi/13.3.1/../../../../arm-none-eabi/lib/thumb/v7e-m+fp/hard\libc_nano.a(libc_a-lock.o)
 .ARM.attributes
                0x0000082f       0x34 C:/Program Files/STMicroelectronics/STM32Cube/STM32CubeIDE_2.0.0/STM32CubeIDE/plugins/com.st.stm32cube.ide.mcu.externaltools.gnu-tools-for-stm32.13.3.rel1.win32_1.0.100.202509120712/tools/bin/../lib/gcc/arm-none-eabi/13.3.1/../../../../arm-none-eabi/lib/thumb/v7e-m+fp/hard\libc_nano.a(libc_a-memcpy-stub.o)
 .ARM.attributes
                0x00000863       0x34 C:/Program Files/STMicroelectronics/STM32Cube/STM32CubeIDE_2.0.0/STM32CubeIDE/plugins/com.st.stm32cube.ide.mcu.externaltools.gnu-tools-for-stm32.13.3.rel1.win32_1.0.100.202509120712/tools/bin/../lib/gcc/arm-none-eabi/13.3.1/../../../../arm-none-eabi/lib/thumb/v7e-m+fp/hard\libc_nano.a(libc_a-freer.o)
 .ARM.attributes
                0x00000897       0x34 C:/Program Files/STMicroelectronics/STM32Cube/STM32CubeIDE_2.0.0/STM32CubeIDE/plugins/com.st.stm32cube.ide.mcu.externaltools.gnu-tools-for-stm32.13.3.rel1.win32_1.0.100.202509120712/tools/bin/../lib/gcc/arm-none-eabi/13.3.1/../../../../arm-none-eabi/lib/thumb/v7e-m+fp/hard\libc_nano.a(libc_a-mallocr.o)
 .ARM.attributes
                0x000008cb       0x34 C:/Program Files/STMicroelectronics/STM32Cube/STM32CubeIDE_2.0.0/STM32CubeIDE/plugins/com.st.stm32cube.ide.mcu.externaltools.gnu-tools-for-stm32.13.3.rel1.win32_1.0.100.202509120712/tools/bin/../lib/gcc/arm-none-eabi/13.3.1/../../../../arm-none-eabi/lib/thumb/v7e-m+fp/hard\libc_nano.a(libc_a-mlock.o)
 .ARM.attributes
                0x000008ff       0x34 C:/Program Files/STMicroelectronics/STM32Cube/STM32CubeIDE_2.0.0/STM32CubeIDE/plugins/com.st.stm32cube.ide.mcu.externaltools.gnu-tools-for-stm32.13.3.rel1.win32_1.0.100.202509120712/tools/bin/../lib/gcc/arm-none-eabi/13.3.1/../../../../arm-none-eabi/lib/thumb/v7e-m+fp/hard\libc_nano.a(libc_a-nano-vfprintf.o)
 .ARM.attributes
                0x00000933       0x34 C:/Program Files/STMicroelectronics/STM32Cube/STM32CubeIDE_2.0.0/STM32CubeIDE/plugins/com.st.stm32cube.ide.mcu.externaltools.gnu-tools-for-stm32.13.3.rel1.win32_1.0.100.202509120712/tools/bin/../lib/gcc/arm-none-eabi/13.3.1/../../../../arm-none-eabi/lib/thumb/v7e-m+fp/hard\libc_nano.a(libc_a-nano-vfprintf_i.o)
 .ARM.attributes
                0x00000967       0x34 C:/Program Files/STMicroelectronics/STM32Cube/STM32CubeIDE_2.0.0/STM32CubeIDE/plugins/com.st.stm32cube.ide.mcu.externaltools.gnu-tools-for-stm32.13.3.rel1.win32_1.0.100.202509120712/tools/bin/../lib/gcc/arm-none-eabi/13.3.1/../../../../arm-none-eabi/lib/thumb/v7e-m+fp/hard\libc_nano.a(libc_a-fflush.o)
 .ARM.attributes
                0x0000099b       0x34 C:/Program Files/STMicroelectronics/STM32Cube/STM32CubeIDE_2.0.0/STM32CubeIDE/plugins/com.st.stm32cube.ide.mcu.externaltools.gnu-tools-for-stm32.13.3.rel1.win32_1.0.100.202509120712/tools/bin/../lib/gcc/arm-none-eabi/13.3.1/../../../../arm-none-eabi/lib/thumb/v7e-m+fp/hard\libc_nano.a(libc_a-makebuf.o)
 .ARM.attributes
                0x000009cf       0x34 C:/Program Files/STMicroelectronics/STM32Cube/STM32CubeIDE_2.0.0/STM32CubeIDE/plugins/com.st.stm32cube.ide.mcu.externaltools.gnu-tools-for-stm32.13.3.rel1.win32_1.0.100.202509120712/tools/bin/../lib/gcc/arm-none-eabi/13.3.1/../../../../arm-none-eabi/lib/thumb/v7e-m+fp/hard\libc_nano.a(libc_a-fstatr.o)
 .ARM.attributes
                0x00000a03       0x34 C:/Program Files/STMicroelectronics/STM32Cube/STM32CubeIDE_2.0.0/STM32CubeIDE/plugins/com.st.stm32cube.ide.mcu.externaltools.gnu-tools-for-stm32.13.3.rel1.win32_1.0.100.202509120712/tools/bin/../lib/gcc/arm-none-eabi/13.3.1/../../../../arm-none-eabi/lib/thumb/v7e-m+fp/hard\libc_nano.a(libc_a-isattyr.o)
 .ARM.attributes
                0x00000a37       0x34 C:/Program Files/STMicroelectronics/STM32Cube/STM32CubeIDE_2.0.0/STM32CubeIDE/plugins/com.st.stm32cube.ide.mcu.externaltools.gnu-tools-for-stm32.13.3.rel1.win32_1.0.100.202509120712/tools/bin/../lib/gcc/arm-none-eabi/13.3.1/../../../../arm-none-eabi/lib/thumb/v7e-m+fp/hard\libc_nano.a(libc_a-sbrkr.o)
 .ARM.attributes
                0x00000a6b       0x1c C:/Program Files/STMicroelectronics/STM32Cube/STM32CubeIDE_2.0.0/STM32CubeIDE/plugins/com.st.stm32cube.ide.mcu.externaltools.gnu-tools-for-stm32.13.3.rel1.win32_1.0.100.202509120712/tools/bin/../lib/gcc/arm-none-eabi/13.3.1/../../../../arm-none-eabi/lib/thumb/v7e-m+fp/hard\libc_nano.a(libc_a-memchr.o)
 .ARM.attributes
                0x00000a87       0x22 C:/Program Files/STMicroelectronics/STM32Cube/STM32CubeIDE_2.0.0/STM32CubeIDE/plugins/com.st.stm32cube.ide.mcu.externaltools.gnu-tools-for-stm32.13.3.rel1.win32_1.0.100.202509120712/tools/bin/../lib/gcc/arm-none-eabi/13.3.1/thumb/v7e-m+fp/hard\libgcc.a(_aeabi_uldivmod.o)
 .ARM.attributes
                0x00000aa9       0x34 C:/Program Files/STMicroelectronics/STM32Cube/STM32CubeIDE_2.0.0/STM32CubeIDE/plugins/com.st.stm32cube.ide.mcu.externaltools.gnu-tools-for-stm32.13.3.rel1.win32_1.0.100.202509120712/tools/bin/../lib/gcc/arm-none-eabi/13.3.1/thumb/v7e-m+fp/hard\libgcc.a(_udivmoddi4.o)
 .ARM.attributes
                0x00000add       0x22 C:/Program Files/STMicroelectronics/STM32Cube/STM32CubeIDE_2.0.0/STM32CubeIDE/plugins/com.st.stm32cube.ide.mcu.externaltools.gnu-tools-for-stm32.13.3.rel1.win32_1.0.100.202509120712/tools/bin/../lib/gcc/arm-none-eabi/13.3.1/thumb/v7e-m+fp/hard\libgcc.a(_dvmd_tls.o)
 .ARM.attributes
                0x00000aff       0x22 C:/Program Files/STMicroelectronics/STM32Cube/STM32CubeIDE_2.0.0/STM32CubeIDE/plugins/com.st.stm32cube.ide.mcu.externaltools.gnu-tools-for-stm32.13.3.rel1.win32_1.0.100.202509120712/tools/bin/../lib/gcc/arm-none-eabi/13.3.1/thumb/v7e-m+fp/hard/crtn.o
OUTPUT(STM32CubeMXIDE.elf elf32-littlearm)
LOAD linker stubs
LOAD C:/Program Files/STMicroelectronics/STM32Cube/STM32CubeIDE_2.0.0/STM32CubeIDE/plugins/com.st.stm32cube.ide.mcu.externaltools.gnu-tools-for-stm32.13.3.rel1.win32_1.0.100.202509120712/tools/bin/../lib/gcc/arm-none-eabi/13.3.1/../../../../arm-none-eabi/lib/thumb/v7e-m+fp/hard\libc.a
LOAD C:/Program Files/STMicroelectronics/STM32Cube/STM32CubeIDE_2.0.0/STM32CubeIDE/plugins/com.st.stm32cube.ide.mcu.externaltools.gnu-tools-for-stm32.13.3.rel1.win32_1.0.100.202509120712/tools/bin/../lib/gcc/arm-none-eabi/13.3.1/../../../../arm-none-eabi/lib/thumb/v7e-m+fp/hard\libm.a
LOAD C:/Program Files/STMicroelectronics/STM32Cube/STM32CubeIDE_2.0.0/STM32CubeIDE/plugins/com.st.stm32cube.ide.mcu.externaltools.gnu-tools-for-stm32.13.3.rel1.win32_1.0.100.202509120712/tools/bin/../lib/gcc/arm-none-eabi/13.3.1/thumb/v7e-m+fp/hard\libgcc.a

.debug_info     0x00000000    0x139d5
 .debug_info    0x00000000     0x1346 ./Core/Src/main.o
 .debug_info    0x00001346      0xaf9 ./Core/Src/stm32f4xx_hal_msp.o
 .debug_info    0x00001e3f      0xb75 ./Core/Src/stm32f4xx_hal_timebase_tim.o
 .debug_info    0x000029b4      0x94c ./Core/Src/stm32f4xx_it.o
 .debug_info    0x00003300      0x6a3 ./Core/Src/syscalls.o
 .debug_info    0x000039a3      0x168 ./Core/Src/sysmem.o
 .debug_info    0x00003b0b      0x53e ./Core/Src/system_stm32f4xx.o
 .debug_info    0x00004049       0x30 ./Core/Startup/startup_stm32f411retx.o
 .debug_info    0x00004079      0x8c4 ./Drivers/STM32F4xx_HAL_Driver/Src/stm32f4xx_hal.o
 .debug_info    0x0000493d      0xcfc ./Drivers/STM32F4xx_HAL_Driver/Src/stm32f4xx_hal_cortex.o
 .debug_info    0x00005639      0x8e6 ./Drivers/STM32F4xx_HAL_Driver/Src/stm32f4xx_hal_dma.o
 .debug_info    0x00005f1f      0x6f9 ./Drivers/STM32F4xx_HAL_Driver/Src/stm32f4xx_hal_gpio.o
 .debug_info    0x00006618      0x904 ./Drivers/STM32F4xx_HAL_Driver/Src/stm32f4xx_hal_rcc.o
 .debug_info    0x00006f1c     0x2996 ./Drivers/STM32F4xx_HAL_Driver/Src/stm32f4xx_hal_tim.o
 .debug_info    0x000098b2     0x14d4 ./Drivers/STM32F4xx_HAL_Driver/Src/stm32f4xx_hal_tim_ex.o
 .debug_info    0x0000ad86     0x2f56 ./Drivers/STM32F4xx_HAL_Driver/Src/stm32f4xx_hal_uart.o
 .debug_info    0x0000dcdc      0x2aa ./Workspace_FreeRTOS/FreeRTOS-Kernel/list.o
 .debug_info    0x0000df86     0x18a3 ./Workspace_FreeRTOS/FreeRTOS-Kernel/queue.o
 .debug_info    0x0000f829     0x274c ./Workspace_FreeRTOS/FreeRTOS-Kernel/tasks.o
 .debug_info    0x00011f75      0xf06 ./Workspace_FreeRTOS/FreeRTOS-Kernel/timers.o
 .debug_info    0x00012e7b      0x581 ./Workspace_FreeRTOS/FreeRTOS-Kernel/portable/GCC/ARM_CM4F/port.o
 .debug_info    0x000133fc      0x5d9 ./Workspace_FreeRTOS/FreeRTOS-Kernel/portable/MemMang/heap_4.o

.debug_abbrev   0x00000000     0x2fc3
 .debug_abbrev  0x00000000      0x31c ./Core/Src/main.o
 .debug_abbrev  0x0000031c      0x1cb ./Core/Src/stm32f4xx_hal_msp.o
 .debug_abbrev  0x000004e7      0x207 ./Core/Src/stm32f4xx_hal_timebase_tim.o
 .debug_abbrev  0x000006ee      0x19c ./Core/Src/stm32f4xx_it.o
 .debug_abbrev  0x0000088a      0x1b6 ./Core/Src/syscalls.o
 .debug_abbrev  0x00000a40       0xbc ./Core/Src/sysmem.o
 .debug_abbrev  0x00000afc      0x11a ./Core/Src/system_stm32f4xx.o
 .debug_abbrev  0x00000c16       0x24 ./Core/Startup/startup_stm32f411retx.o
 .debug_abbrev  0x00000c3a      0x24b ./Drivers/STM32F4xx_HAL_Driver/Src/stm32f4xx_hal.o
 .debug_abbrev  0x00000e85      0x31d ./Drivers/STM32F4xx_HAL_Driver/Src/stm32f4xx_hal_cortex.o
 .debug_abbrev  0x000011a2      0x221 ./Drivers/STM32F4xx_HAL_Driver/Src/stm32f4xx_hal_dma.o
 .debug_abbrev  0x000013c3      0x1d3 ./Drivers/STM32F4xx_HAL_Driver/Src/stm32f4xx_hal_gpio.o
 .debug_abbrev  0x00001596      0x2b6 ./Drivers/STM32F4xx_HAL_Driver/Src/stm32f4xx_hal_rcc.o
 .debug_abbrev  0x0000184c      0x28b ./Drivers/STM32F4xx_HAL_Driver/Src/stm32f4xx_hal_tim.o
 .debug_abbrev  0x00001ad7      0x296 ./Drivers/STM32F4xx_HAL_Driver/Src/stm32f4xx_hal_tim_ex.o
 .debug_abbrev  0x00001d6d      0x31b ./Drivers/STM32F4xx_HAL_Driver/Src/stm32f4xx_hal_uart.o
 .debug_abbrev  0x00002088       0xee ./Workspace_FreeRTOS/FreeRTOS-Kernel/list.o
 .debug_abbrev  0x00002176      0x323 ./Workspace_FreeRTOS/FreeRTOS-Kernel/queue.o
 .debug_abbrev  0x00002499      0x396 ./Workspace_FreeRTOS/FreeRTOS-Kernel/tasks.o
 .debug_abbrev  0x0000282f      0x2f2 ./Workspace_FreeRTOS/FreeRTOS-Kernel/timers.o
 .debug_abbrev  0x00002b21      0x248 ./Workspace_FreeRTOS/FreeRTOS-Kernel/portable/GCC/ARM_CM4F/port.o
 .debug_abbrev  0x00002d69      0x25a ./Workspace_FreeRTOS/FreeRTOS-Kernel/portable/MemMang/heap_4.o

.debug_aranges  0x00000000     0x12a0
 .debug_aranges
                0x00000000       0x78 ./Core/Src/main.o
 .debug_aranges